<html>
<body>
<pre>
<h1>礦ision Build Log</h1>
<h2>Tool Versions:</h2>
IDE-Version: μVision V5.14.0.0
Copyright (C) 2015 ARM Ltd and ARM Germany GmbH. All rights reserved.
License Information: 1 1, 1, LIC=2TTJJ-UDPHU-SF6I0-B7IL2-9QM6P-370Z1
 
Tool Versions:
Toolchain:       MDK-ARM Professional  Version: 5.14.0.0
Toolchain Path:  D:\Download\keil5\ARM\ARMCC\Bin
C Compiler:      Armcc.exe V5.05 update 1 (build 106)
Assembler:       Armasm.exe V5.05 update 1 (build 106)
Linker/Locator:  ArmLink.exe V5.05 update 1 (build 106)
Library Manager: ArmAr.exe V5.05 update 1 (build 106)
Hex Converter:   FromElf.exe V5.05 update 1 (build 106)
CPU DLL:         SARMCM3.DLL V5.14.0.0
Dialog DLL:      DARMSTM.DLL V1.65.0.0
Target DLL:      Segger\JL2CM3.dll V2.99.13.0
Dialog DLL:      TARMSTM.DLL V1.64.0.0
 
<h2>Project:</h2>
C:\Users\logan\Desktop\傅里叶\实验17  ADC实验\USER\ADC.uvprojx
Project File Date:  07/23/2018

<h2>Output:</h2>
Build target 'ADC'
compiling main.c...
main.c(68): warning:  #177-D: variable "adcx" was declared but never referenced
                u16 adcx;
main.c(69): warning:  #177-D: variable "temp" was declared but never referenced
                float temp;     
main.c(70): warning:  #177-D: variable "temp2" was declared but never referenced
                u32 temp2=0; 
main.c(71): warning:  #177-D: variable "flag" was declared but never referenced
                u8 flag=0;
main.c(72): warning:  #177-D: variable "time" was declared but never referenced
                float time;
main.c(128): warning:  #177-D: variable "min" was declared but never referenced
  {int min,j;   
main.c: 6 warnings, 0 errors
linking...
Program Size: Code=38338 RO-data=7942 RW-data=1124 ZI-data=14140  
FromELF: creating hex file...
"..\OBJ\ADC.axf" - 0 Error(s), 6 Warning(s).

<h2>Collection of Component include folders:</h2>
  C:\Users\logan\Desktop\傅里叶\实验17  ADC实验\USER\RTE
  D:\Download\keil5\ARM\PACK\Keil\STM32F1xx_DFP\1.0.5\Device\Include

<h2>Collection of Component Files used:</h2>
</pre>
</body>
</html>
