Component: ARM Compiler 5.05 update 1 (build 106) Tool: armlink [4d0efa]

==============================================================================

Section Cross References

    main.o(.text) refers to _printf_pad.o(.text) for _printf_pre_padding
    main.o(.text) refers to _printf_percent.o(.ARM.Collect$$_printf_percent$$00000000) for _printf_percent
    main.o(.text) refers to _printf_f.o(.ARM.Collect$$_printf_percent$$00000003) for _printf_f
    main.o(.text) refers to printf1.o(x$fpl$printf1) for _printf_fp_dec
    main.o(.text) refers to 12864.o(.text) for LCD_StrShow
    main.o(.text) refers to f2d.o(x$fpl$f2d) for __aeabi_f2d
    main.o(.text) refers to noretval__2sprintf.o(.text) for __2sprintf
    main.o(.text) refers to fflt_clz.o(x$fpl$ffltu) for __aeabi_ui2f
    main.o(.text) refers to dmul.o(x$fpl$dmul) for __aeabi_dmul
    main.o(.text) refers to ddiv.o(x$fpl$ddiv) for __aeabi_ddiv
    main.o(.text) refers to main.o(.data) for s
    main.o(.text) refers to fflt_clz.o(x$fpl$fflt) for __aeabi_i2f
    main.o(.text) refers to d2f.o(x$fpl$d2f) for __aeabi_d2f
    main.o(.text) refers to datahandle.o(.text) for NegativeSequence
    main.o(.text) refers to daddsub_clz.o(x$fpl$dsub) for __aeabi_dsub
    main.o(.text) refers to fleqf.o(x$fpl$fleqf) for __aeabi_cfcmple
    main.o(.text) refers to drleqf.o(x$fpl$drleqf) for __aeabi_cdrcmple
    main.o(.text) refers to delay.o(.text) for delay_ms
    main.o(.text) refers to misc.o(.text) for NVIC_PriorityGroupConfig
    main.o(.text) refers to led.o(.text) for LED_Init
    main.o(.text) refers to key.o(.text) for KEY_Init
    main.o(.text) refers to adc.o(.text) for Adc_Init
    main.o(.text) refers to timer.o(.text) for TIM3_Int_Init
    main.o(.text) refers to relay.o(.text) for RelayInit
    main.o(.text) refers to stm32f10x_gpio.o(.text) for GPIO_SetBits
    main.o(.text) refers to frleqf.o(x$fpl$frleqf) for __aeabi_cfrcmple
    main.o(.text) refers to daddsub_clz.o(x$fpl$dadd) for __aeabi_dadd
    system_stm32f10x.o(.text) refers to system_stm32f10x.o(.data) for SystemCoreClock
    led.o(.text) refers to stm32f10x_rcc.o(.text) for RCC_APB2PeriphClockCmd
    led.o(.text) refers to stm32f10x_gpio.o(.text) for GPIO_Init
    key.o(.text) refers to stm32f10x_rcc.o(.text) for RCC_APB2PeriphClockCmd
    key.o(.text) refers to stm32f10x_gpio.o(.text) for GPIO_Init
    key.o(.text) refers to delay.o(.text) for delay_ms
    key.o(.text) refers to main.o(.data) for F
    key.o(.text) refers to key.o(.data) for KEY
    lcd.o(.text) refers to _printf_percent.o(.ARM.Collect$$_printf_percent$$00000000) for _printf_percent
    lcd.o(.text) refers to _printf_x.o(.ARM.Collect$$_printf_percent$$0000000C) for _printf_x
    lcd.o(.text) refers to _printf_hex_int.o(.text) for _printf_longlong_hex
    lcd.o(.text) refers to delay.o(.text) for delay_us
    lcd.o(.text) refers to lcd.o(.bss) for lcddev
    lcd.o(.text) refers to lcd.o(.data) for POINT_COLOR
    lcd.o(.text) refers to dflt_clz.o(x$fpl$dfltu) for __aeabi_ui2d
    lcd.o(.text) refers to dmul.o(x$fpl$dmul) for __aeabi_dmul
    lcd.o(.text) refers to dfixu.o(x$fpl$dfixu) for __aeabi_d2uiz
    lcd.o(.text) refers to stm32f10x_rcc.o(.text) for RCC_AHBPeriphClockCmd
    lcd.o(.text) refers to stm32f10x_gpio.o(.text) for GPIO_Init
    lcd.o(.text) refers to stm32f10x_fsmc.o(.text) for FSMC_NORSRAMInit
    lcd.o(.text) refers to noretval__2printf.o(.text) for __2printf
    lcd.o(.text) refers to lcd.o(.constdata) for asc2_1206
    adc.o(.text) refers to stm32f10x_rcc.o(.text) for RCC_APB2PeriphClockCmd
    adc.o(.text) refers to stm32f10x_gpio.o(.text) for GPIO_Init
    adc.o(.text) refers to stm32f10x_adc.o(.text) for ADC_DeInit
    adc.o(.text) refers to delay.o(.text) for delay_ms
    12864.o(.text) refers to delay.o(.text) for delay_us
    keyscan.o(.text) refers to stm32f10x_rcc.o(.text) for RCC_APB2PeriphClockCmd
    keyscan.o(.text) refers to stm32f10x_gpio.o(.text) for GPIO_Init
    keyscan.o(.text) refers to delay.o(.text) for delay_ms
    keyscan.o(.text) refers to keyscan.o(.data) for flagn
    datahandle.o(.text) refers to f2d.o(x$fpl$f2d) for __aeabi_f2d
    datahandle.o(.text) refers to dmul.o(x$fpl$dmul) for __aeabi_dmul
    datahandle.o(.text) refers to ddiv.o(x$fpl$ddiv) for __aeabi_ddiv
    datahandle.o(.text) refers to cos.o(i.cos) for cos
    datahandle.o(.text) refers to daddsub_clz.o(x$fpl$dadd) for __aeabi_dadd
    datahandle.o(.text) refers to d2f.o(x$fpl$d2f) for __aeabi_d2f
    datahandle.o(.text) refers to sin.o(i.sin) for sin
    datahandle.o(.text) refers to fmul.o(x$fpl$fmul) for __aeabi_fmul
    datahandle.o(.text) refers to faddsub_clz.o(x$fpl$fadd) for __aeabi_fadd
    datahandle.o(.text) refers to sqrt.o(i.sqrt) for sqrt
    datahandle.o(.text) refers to adc.o(.text) for Get_Adc
    datahandle.o(.text) refers to delay.o(.text) for delay_ms
    datahandle.o(.text) refers to dflt_clz.o(x$fpl$dfltu) for __aeabi_ui2d
[...]
    .text                                    0x080033a8   Section        0  stm32f10x_gpio.o(.text)
    .text                                    0x08003704   Section        0  stm32f10x_rcc.o(.text)
    .text                                    0x08003aa8   Section        0  stm32f10x_usart.o(.text)
    .text                                    0x08003eb0   Section        0  stm32f10x_tim.o(.text)
    TI4_Config                               0x08004357   Thumb Code   130  stm32f10x_tim.o(.text)
    TI3_Config                               0x080043eb   Thumb Code   122  stm32f10x_tim.o(.text)
    TI2_Config                               0x0800447f   Thumb Code   130  stm32f10x_tim.o(.text)
    TI1_Config                               0x08004513   Thumb Code   108  stm32f10x_tim.o(.text)
    .text                                    0x08004cca   Section        2  use_no_semi_2.o(.text)
    .text                                    0x08004ccc   Section        0  noretval__2sprintf.o(.text)
    .text                                    0x08004cf4   Section        0  _printf_pad.o(.text)
    .text                                    0x08004d42   Section        0  __printf_wp.o(.text)
    .text                                    0x08004e50   Section        0  heapauxi.o(.text)
    .text                                    0x08004e56   Section        2  use_no_semi.o(.text)
    .text                                    0x08004e58   Section        0  _rserrno.o(.text)
    .text                                    0x08004e6e   Section        0  _printf_fp_dec.o(.text)
    _fp_digits                               0x08004e71   Thumb Code   428  _printf_fp_dec.o(.text)
    .text                                    0x08005288   Section        0  _printf_char_common.o(.text)
    _printf_input_char                       0x08005289   Thumb Code    10  _printf_char_common.o(.text)
    .text                                    0x080052b8   Section        0  _sputc.o(.text)
    .text                                    0x080052c4   Section        8  rt_locale_intlibspace.o(.text)
    .text                                    0x080052cc   Section        8  rt_errno_addr_intlibspace.o(.text)
    .text                                    0x080052d4   Section      138  lludiv10.o(.text)
    .text                                    0x08005360   Section        0  _printf_fp_infnan.o(.text)
    .text                                    0x080053e0   Section        0  bigflt0.o(.text)
    .text                                    0x080054bc   Section        8  libspace.o(.text)
    .text                                    0x080054c4   Section       74  sys_stackheap_outer.o(.text)
    .text                                    0x0800550e   Section        0  exit.o(.text)
    .text                                    0x0800551c   Section      128  strcmpv7m.o(.text)
    CL$$btod_d2e                             0x0800559c   Section       62  btod.o(CL$$btod_d2e)
    CL$$btod_d2e_denorm_low                  0x080055da   Section       70  btod.o(CL$$btod_d2e_denorm_low)
    CL$$btod_d2e_norm_op1                    0x08005620   Section       96  btod.o(CL$$btod_d2e_norm_op1)
    CL$$btod_div_common                      0x08005680   Section      824  btod.o(CL$$btod_div_common)
    CL$$btod_e2e                             0x080059b8   Section      198  btod.o(CL$$btod_e2e)
    CL$$btod_ediv                            0x08005a7e   Section       40  btod.o(CL$$btod_ediv)
    CL$$btod_emul                            0x08005aa6   Section       40  btod.o(CL$$btod_emul)
    CL$$btod_mult_common                     0x08005ace   Section      580  btod.o(CL$$btod_mult_common)
    i.__ARM_fpclassify                       0x08005d12   Section        0  fpclassify.o(i.__ARM_fpclassify)
    i.__ieee754_rem_pio2                     0x08005d3c   Section        0  rred.o(i.__ieee754_rem_pio2)
    i.__kernel_cos                           0x080060c4   Section        0  cos_i.o(i.__kernel_cos)
    i.__kernel_poly                          0x080061c0   Section        0  poly.o(i.__kernel_poly)
    i.__kernel_sin                           0x0800626c   Section        0  sin_i.o(i.__kernel_sin)
    i.__mathlib_dbl_infnan                   0x08006358   Section        0  dunder.o(i.__mathlib_dbl_infnan)
    i.__mathlib_dbl_invalid                  0x0800635e   Section        0  dunder.o(i.__mathlib_dbl_invalid)
    i.__mathlib_dbl_underflow                0x0800636c   Section        0  dunder.o(i.__mathlib_dbl_underflow)
    i._is_digit                              0x0800637c   Section        0  __printf_wp.o(i._is_digit)
    i.atan                                   0x0800638c   Section        0  atan.o(i.atan)
    i.cos                                    0x080065ac   Section        0  cos.o(i.cos)
    i.sin                                    0x08006648   Section        0  sin.o(i.sin)
    i.sqrt                                   0x080066e8   Section        0  sqrt.o(i.sqrt)
    locale$$code                             0x08006734   Section       44  lc_numeric_c.o(locale$$code)
    x$fpl$d2f                                0x08006760   Section       98  d2f.o(x$fpl$d2f)
    x$fpl$dadd                               0x080067c4   Section      336  daddsub_clz.o(x$fpl$dadd)
    _dadd1                                   0x080067d5   Thumb Code     0  daddsub_clz.o(x$fpl$dadd)
    x$fpl$dcheck1                            0x08006914   Section       16  dcheck1.o(x$fpl$dcheck1)
    x$fpl$dcmpinf                            0x08006924   Section       24  dcmpi.o(x$fpl$dcmpinf)
    x$fpl$ddiv                               0x0800693c   Section      688  ddiv.o(x$fpl$ddiv)
    ddiv_entry                               0x08006943   Thumb Code     0  ddiv.o(x$fpl$ddiv)
    x$fpl$dfix                               0x08006bec   Section       94  dfix.o(x$fpl$dfix)
    x$fpl$dflt                               0x08006c4a   Section       46  dflt_clz.o(x$fpl$dflt)
    x$fpl$dfltu                              0x08006c78   Section       38  dflt_clz.o(x$fpl$dfltu)
    x$fpl$dleqf                              0x08006ca0   Section      120  dleqf.o(x$fpl$dleqf)
    x$fpl$dmul                               0x08006d18   Section      340  dmul.o(x$fpl$dmul)
    x$fpl$dnaninf                            0x08006e6c   Section      156  dnaninf.o(x$fpl$dnaninf)
    x$fpl$dretinf                            0x08006f08   Section       12  dretinf.o(x$fpl$dretinf)
    x$fpl$drleqf                             0x08006f14   Section      108  drleqf.o(x$fpl$drleqf)
    x$fpl$drsb                               0x08006f80   Section       22  daddsub_clz.o(x$fpl$drsb)
    x$fpl$dsqrt                              0x08006f98   Section      460  dsqrt_noumaal.o(x$fpl$dsqrt)
    x$fpl$dsub                               0x08007164   Section      468  daddsub_clz.o(x$fpl$dsub)
    _dsub1                                   0x08007175   Thumb Code     0  daddsub_clz.o(x$fpl$dsub)
    x$fpl$f2d                                0x08007338   Section       86  f2d.o(x$fpl$f2d)
    x$fpl$fadd                               0x08007390   Section      196  faddsub_clz.o(x$fpl$fadd)
    _fadd1                                   0x0800739f   Thumb Code     0  faddsub_clz.o(x$fpl$fadd)
    x$fpl$fcmpinf                            0x08007454   Section       24  fcmpi.o(x$fpl$fcmpinf)
    x$fpl$fdiv                               0x0800746c   Section      388  fdiv.o(x$fpl$fdiv)
    _fdiv1                                   0x0800746d   Thumb Code     0  fdiv.o(x$fpl$fdiv)
    x$fpl$fflt                               0x080075f0   Section       48  fflt_clz.o(x$fpl$fflt)
    x$fpl$ffltu                              0x08007620   Section       38  fflt_clz.o(x$fpl$ffltu)
    x$fpl$fleqf                              0x08007648   Section      104  fleqf.o(x$fpl$fleqf)
    x$fpl$fmul                               0x080076b0   Section      258  fmul.o(x$fpl$fmul)
    x$fpl$fnaninf                            0x080077b2   Section      140  fnaninf.o(x$fpl$fnaninf)
    x$fpl$fretinf                            0x0800783e   Section       10  fretinf.o(x$fpl$fretinf)
    x$fpl$frleqf                             0x08007848   Section       98  frleqf.o(x$fpl$frleqf)
    x$fpl$fsub                               0x080078ac   Section      234  faddsub_clz.o(x$fpl$fsub)
    _fsub1                                   0x080078bb   Thumb Code     0  faddsub_clz.o(x$fpl$fsub)
    x$fpl$printf1                            0x08007996   Section        4  printf1.o(x$fpl$printf1)
    x$fpl$retnan                             0x0800799a   Section      100  retnan.o(x$fpl$retnan)
    x$fpl$scalbn                             0x080079fe   Section       92  scalbn.o(x$fpl$scalbn)
    x$fpl$trapveneer                         0x08007a5a   Section       48  trapv.o(x$fpl$trapveneer)
    x$fpl$usenofp                            0x08007a8a   Section        0  usenofp.o(x$fpl$usenofp)
    .constdata                               0x08007a90   Section      152  atan.o(.constdata)
    atanhi                                   0x08007a90   Data          32  atan.o(.constdata)
    atanlo                                   0x08007ab0   Data          32  atan.o(.constdata)
    aTodd                                    0x08007ad0   Data          40  atan.o(.constdata)
    aTeven                                   0x08007af8   Data          48  atan.o(.constdata)
    .constdata                               0x08007b28   Section       48  cos_i.o(.constdata)
    C                                        0x08007b28   Data          48  cos_i.o(.constdata)
    .constdata                               0x08007b58   Section      200  rred.o(.constdata)
    pio2s                                    0x08007b58   Data          48  rred.o(.constdata)
    twooverpi                                0x08007b88   Data         152  rred.o(.constdata)
    .constdata                               0x08007c20   Section       40  sin_i.o(.constdata)
    S                                        0x08007c20   Data          40  sin_i.o(.constdata)
    .constdata                               0x08007c48   Section      148  bigflt0.o(.constdata)
    tenpwrs_x                                0x08007c48   Data          60  bigflt0.o(.constdata)
    tenpwrs_i                                0x08007c84   Data          64  bigflt0.o(.constdata)
    locale$$data                             0x08007cfc   Section       28  lc_numeric_c.o(locale$$data)
    __lcnum_c_name                           0x08007d00   Data           2  lc_numeric_c.o(locale$$data)
    __lcnum_c_start                          0x08007d08   Data           0  lc_numeric_c.o(locale$$data)
    __lcnum_c_point                          0x08007d14   Data           0  lc_numeric_c.o(locale$$data)
    __lcnum_c_thousands                      0x08007d16   Data           0  lc_numeric_c.o(locale$$data)
    __lcnum_c_grouping                       0x08007d17   Data           0  lc_numeric_c.o(locale$$data)
    __lcnum_c_end                            0x08007d18   Data           0  lc_numeric_c.o(locale$$data)
    .data                                    0x20000000   Section       80  main.o(.data)
    .data                                    0x20000050   Section       20  system_stm32f10x.o(.data)
    .data                                    0x20000064   Section        1  key.o(.data)
    KEY                                      0x20000064   Data           1  key.o(.data)
    .data                                    0x20000068   Section        8  datahandle.o(.data)
    N                                        0x20000068   Data           1  datahandle.o(.data)
    n                                        0x20000069   Data           1  datahandle.o(.data)
    pi                                       0x2000006c   Data           4  datahandle.o(.data)
    .data                                    0x20000070   Section        8  timer.o(.data)
    .data                                    0x20000078   Section        4  delay.o(.data)
    fac_us                                   0x20000078   Data           1  delay.o(.data)
    fac_ms                                   0x2000007a   Data           2  delay.o(.data)
    .data                                    0x2000007c   Section        6  usart.o(.data)
    .data                                    0x20000082   Section       20  stm32f10x_rcc.o(.data)
    APBAHBPrescTable                         0x20000082   Data          16  stm32f10x_rcc.o(.data)
    ADCPrescTable                            0x20000092   Data           4  stm32f10x_rcc.o(.data)
    .bss                                     0x20000098   Section       40  main.o(.bss)
    .bss                                     0x200000c0   Section      200  usart.o(.bss)
    .bss                                     0x20000188   Section       96  libspace.o(.bss)
    HEAP                                     0x200001e8   Section      512  startup_stm32f10x_hd.o(HEAP)
    Heap_Mem                                 0x200001e8   Data         512  startup_stm32f10x_hd.o(HEAP)
    STACK                                    0x200003e8   Section     1024  startup_stm32f10x_hd.o(STACK)
    Stack_Mem                                0x200003e8   Data        1024  startup_stm32f10x_hd.o(STACK)
    __initial_sp                             0x200007e8   Data           0  startup_stm32f10x_hd.o(STACK)

    Global Symbols

    Symbol Name                              Value     Ov Type        Size  Object(Section)

    BuildAttributes$$THM_ISAv4$P$D$K$B$S$PE$A:L22UL41UL21$X:L11$S22US41US21$IEEE1$IW$USESV6$~STKCKD$USESV7$~SHL$OTIME$ROPI$IEEEX$EBA8$UX$STANDARDLIB$REQ8$PRES8$EABIv2 0x00000000   Number         0  anon$$obj.o ABSOLUTE
    __ARM_use_no_argv                        0x00000000   Number         0  main.o ABSOLUTE
    _printf_flags                            0x00000000   Number         0  printf_stubs.o ABSOLUTE
    _printf_return_value                     0x00000000   Number         0  printf_stubs.o ABSOLUTE
    _printf_sizespec                         0x00000000   Number         0  printf_stubs.o ABSOLUTE
    _printf_widthprec                        0x00000000   Number         0  printf_stubs.o ABSOLUTE
    __ARM_exceptions_init                     - Undefined Weak Reference
    __alloca_initialize                       - Undefined Weak Reference
    __arm_preinit_                            - Undefined Weak Reference
    __cpp_initialize__aeabi_                  - Undefined Weak Reference
    __cxa_finalize                            - Undefined Weak Reference
    __sigvec_lookup                           - Undefined Weak Reference
    _atexit_init                              - Undefined Weak Reference
    _call_atexit_fns                          - Undefined Weak Reference
    _clock_init                               - Undefined Weak Reference
    _fp_trap_init                             - Undefined Weak Reference
    _fp_trap_shutdown                         - Undefined Weak Reference
    _get_lc_collate                           - Undefined Weak Reference
    _get_lc_ctype                             - Undefined Weak Reference
    _get_lc_monetary                          - Undefined Weak Reference
    _get_lc_time                              - Undefined Weak Reference
    _getenv_init                              - Undefined Weak Reference
    _handle_redirection                       - Undefined Weak Reference
    _init_alloc                               - Undefined Weak Reference
    _init_user_alloc                          - Undefined Weak Reference
    _initio                                   - Undefined Weak Reference
    _mutex_acquire                            - Undefined Weak Reference
    _mutex_release                            - Undefined Weak Reference
    _printf_truncate_unsigned                 - Undefined Weak Reference
    _rand_init                                - Undefined Weak Reference
    _signal_finish                            - Undefined Weak Reference
    _signal_init                              - Undefined Weak Reference
    _terminate_alloc                          - Undefined Weak Reference
    _terminate_user_alloc                     - Undefined Weak Reference
    _terminateio                              - Undefined Weak Reference
    __Vectors_Size                           0x00000130   Number         0  startup_stm32f10x_hd.o ABSOLUTE
    __Vectors                                0x08000000   Data           4  startup_stm32f10x_hd.o(RESET)
    __Vectors_End                            0x08000130   Data           0  startup_stm32f10x_hd.o(RESET)
    __main                                   0x08000131   Thumb Code     8  __main.o(!!!main)
    __scatterload                            0x08000139   Thumb Code     0  __scatter.o(!!!scatter)
    __scatterload_rt2                        0x08000139   Thumb Code    44  __scatter.o(!!!scatter)
    __scatterload_rt2_thumb_only             0x08000139   Thumb Code     0  __scatter.o(!!!scatter)
    __scatterload_null                       0x08000147   Thumb Code     0  __scatter.o(!!!scatter)
    __scatterload_copy                       0x0800016d   Thumb Code    26  __scatter_copy.o(!!handler_copy)
    __scatterload_zeroinit                   0x08000189   Thumb Code    28  __scatter_zi.o(!!handler_zi)
    _printf_f                                0x080001a5   Thumb Code     0  _printf_f.o(.ARM.Collect$$_printf_percent$$00000003)
    _printf_percent                          0x080001a5   Thumb Code     0  _printf_percent.o(.ARM.Collect$$_printf_percent$$00000000)
    _printf_percent_end                      0x080001ab   Thumb Code     0  _printf_percent_end.o(.ARM.Collect$$_printf_percent$$00000017)
    __rt_lib_init                            0x080001af   Thumb Code     0  libinit.o(.ARM.Collect$$libinit$$00000000)
    __rt_lib_init_fp_1                       0x080001b1   Thumb Code     0  libinit2.o(.ARM.Collect$$libinit$$00000002)
    __rt_lib_init_heap_1                     0x080001b1   Thumb Code     0  libinit2.o(.ARM.Collect$$libinit$$0000000A)
    __rt_lib_init_lc_common                  0x080001b1   Thumb Code     0  libinit2.o(.ARM.Collect$$libinit$$0000000F)
    __rt_lib_init_preinit_1                  0x080001b1   Thumb Code     0  libinit2.o(.ARM.Collect$$libinit$$00000004)
    __rt_lib_init_rand_1                     0x080001b1   Thumb Code     0  libinit2.o(.ARM.Collect$$libinit$$0000000E)
    __rt_lib_init_user_alloc_1               0x080001b1   Thumb Code     0  libinit2.o(.ARM.Collect$$libinit$$0000000C)
    __rt_lib_init_lc_collate_1               0x080001b7   Thumb Code     0  libinit2.o(.ARM.Collect$$libinit$$00000011)
    __rt_lib_init_lc_ctype_1                 0x080001b7   Thumb Code     0  libinit2.o(.ARM.Collect$$libinit$$00000013)
    __rt_lib_init_lc_monetary_1              0x080001b7   Thumb Code     0  libinit2.o(.ARM.Collect$$libinit$$00000015)
    __rt_lib_init_lc_numeric_2               0x080001b7   Thumb Code     0  libinit2.o(.ARM.Collect$$libinit$$00000016)
    __rt_lib_init_alloca_1                   0x080001c1   Thumb Code     0  libinit2.o(.ARM.Collect$$libinit$$0000002E)
    __rt_lib_init_argv_1                     0x080001c1   Thumb Code     0  libinit2.o(.ARM.Collect$$libinit$$0000002C)
    __rt_lib_init_atexit_1                   0x080001c1   Thumb Code     0  libinit2.o(.ARM.Collect$$libinit$$0000001B)
    __rt_lib_init_clock_1                    0x080001c1   Thumb Code     0  libinit2.o(.ARM.Collect$$libinit$$00000021)
    __rt_lib_init_cpp_1                      0x080001c1   Thumb Code     0  libinit2.o(.ARM.Collect$$libinit$$00000032)
    __rt_lib_init_exceptions_1               0x080001c1   Thumb Code     0  libinit2.o(.ARM.Collect$$libinit$$00000030)
    __rt_lib_init_fp_trap_1                  0x080001c1   Thumb Code     0  libinit2.o(.ARM.Collect$$libinit$$0000001F)
    __rt_lib_init_getenv_1                   0x080001c1   Thumb Code     0  libinit2.o(.ARM.Collect$$libinit$$00000023)
    __rt_lib_init_lc_numeric_1               0x080001c1   Thumb Code     0  libinit2.o(.ARM.Collect$$libinit$$00000017)
    __rt_lib_init_lc_time_1                  0x080001c1   Thumb Code     0  libinit2.o(.ARM.Collect$$libinit$$00000019)
    __rt_lib_init_return                     0x080001c1   Thumb Code     0  libinit2.o(.ARM.Collect$$libinit$$00000033)
    __rt_lib_init_signal_1                   0x080001c1   Thumb Code     0  libinit2.o(.ARM.Collect$$libinit$$0000001D)
    __rt_lib_init_stdio_1                    0x080001c1   Thumb Code     0  libinit2.o(.ARM.Collect$$libinit$$00000025)
    __rt_lib_shutdown                        0x080001c3   Thumb Code     0  libshutdown.o(.ARM.Collect$$libshutdown$$00000000)
    __rt_lib_shutdown_fp_trap_1              0x080001c5   Thumb Code     0  libshutdown2.o(.ARM.Collect$$libshutdown$$00000006)
    __rt_lib_shutdown_heap_1                 0x080001c5   Thumb Code     0  libshutdown2.o(.ARM.Collect$$libshutdown$$0000000E)
    __rt_lib_shutdown_return                 0x080001c5   Thumb Code     0  libshutdown2.o(.ARM.Collect$$libshutdown$$0000000F)
    __rt_lib_shutdown_signal_1               0x080001c5   Thumb Code     0  libshutdown2.o(.ARM.Collect$$libshutdown$$00000009)
    __rt_lib_shutdown_stdio_1                0x080001c5   Thumb Code     0  libshutdown2.o(.ARM.Collect$$libshutdown$$00000003)
    __rt_lib_shutdown_user_alloc_1           0x080001c5   Thumb Code     0  libshutdown2.o(.ARM.Collect$$libshutdown$$0000000B)
    __rt_entry                               0x080001c7   Thumb Code     0  __rtentry.o(.ARM.Collect$$rtentry$$00000000)
    __rt_entry_presh_1                       0x080001c7   Thumb Code     0  __rtentry2.o(.ARM.Collect$$rtentry$$00000002)
    __rt_entry_sh                            0x080001c7   Thumb Code     0  __rtentry4.o(.ARM.Collect$$rtentry$$00000004)
    __rt_entry_li                            0x080001cd   Thumb Code     0  __rtentry2.o(.ARM.Collect$$rtentry$$0000000A)
    __rt_entry_postsh_1                      0x080001cd   Thumb Code     0  __rtentry2.o(.ARM.Collect$$rtentry$$00000009)
    __rt_entry_main                          0x080001d1   Thumb Code     0  __rtentry2.o(.ARM.Collect$$rtentry$$0000000D)
    __rt_entry_postli_1                      0x080001d1   Thumb Code     0  __rtentry2.o(.ARM.Collect$$rtentry$$0000000C)
    __rt_exit                                0x080001d9   Thumb Code     0  rtexit.o(.ARM.Collect$$rtexit$$00000000)
    __rt_exit_ls                             0x080001db   Thumb Code     0  rtexit2.o(.ARM.Collect$$rtexit$$00000003)
    __rt_exit_prels_1                        0x080001db   Thumb Code     0  rtexit2.o(.ARM.Collect$$rtexit$$00000002)
    __rt_exit_exit                           0x080001df   Thumb Code     0  rtexit2.o(.ARM.Collect$$rtexit$$00000004)
    ChangeSetting                            0x080001e5   Thumb Code   142  main.o(.text)
    TimeData                                 0x08000273   Thumb Code  1794  main.o(.text)
    Start                                    0x08000975   Thumb Code   468  main.o(.text)
    welcome                                  0x08000b49   Thumb Code   458  main.o(.text)
    main                                     0x08000d13   Thumb Code  1498  main.o(.text)
    NMI_Handler                              0x08001355   Thumb Code     2  stm32f10x_it.o(.text)
    HardFault_Handler                        0x08001357   Thumb Code     4  stm32f10x_it.o(.text)
    MemManage_Handler                        0x0800135b   Thumb Code     4  stm32f10x_it.o(.text)
    BusFault_Handler                         0x0800135f   Thumb Code     4  stm32f10x_it.o(.text)
    UsageFault_Handler                       0x08001363   Thumb Code     4  stm32f10x_it.o(.text)
    SVC_Handler                              0x08001367   Thumb Code     2  stm32f10x_it.o(.text)
    DebugMon_Handler                         0x08001369   Thumb Code     2  stm32f10x_it.o(.text)
    PendSV_Handler                           0x0800136b   Thumb Code     2  stm32f10x_it.o(.text)
    SysTick_Handler                          0x0800136d   Thumb Code     2  stm32f10x_it.o(.text)
    SystemInit                               0x0800144f   Thumb Code    78  system_stm32f10x.o(.text)
    SystemCoreClockUpdate                    0x0800149d   Thumb Code   142  system_stm32f10x.o(.text)
    LED_Init                                 0x08001551   Thumb Code   236  led.o(.text)
    KEY_Init                                 0x08001649   Thumb Code    58  key.o(.text)
    KEY_Scan                                 0x08001683   Thumb Code   260  key.o(.text)
    KEY_get                                  0x08001787   Thumb Code   332  key.o(.text)
    Adc_Init                                 0x080018ed   Thumb Code   132  adc.o(.text)
    Get_Adc                                  0x08001971   Thumb Code    46  adc.o(.text)
    Get_Adc_Average                          0x0800199f   Thumb Code    46  adc.o(.text)
    sendbyte                                 0x080019d5   Thumb Code    52  12864.o(.text)
    write_com                                0x08001a09   Thumb Code    44  12864.o(.text)
    write_data                               0x08001a35   Thumb Code    44  12864.o(.text)
    lcdinit                                  0x08001a61   Thumb Code    34  12864.o(.text)
    DispString                               0x08001a83   Thumb Code    28  12864.o(.text)
    Test                                     0x08001a9f   Thumb Code     2  12864.o(.text)
    Lcd_12864_Init                           0x08001aa1   Thumb Code    26  12864.o(.text)
    LCD_MoveToXY                             0x08001abb   Thumb Code    76  12864.o(.text)
    LCD_StrShow                              0x08001b07   Thumb Code    34  12864.o(.text)
    NegativeSequence                         0x08001b39   Thumb Code   512  datahandle.o(.text)
    AdcFourier                               0x08001d39   Thumb Code  2982  datahandle.o(.text)
    TIM3_Int_Init                            0x080028f9   Thumb Code    90  timer.o(.text)
    Election                                 0x08002953   Thumb Code    98  timer.o(.text)
    TIM3_IRQHandler                          0x080029b5   Thumb Code   252  timer.o(.text)
    RelayInit                                0x08002af9   Thumb Code   118  relay.o(.text)
    RelayWork                                0x08002b6f   Thumb Code   152  relay.o(.text)
    delay_init                               0x08002c29   Thumb Code    50  delay.o(.text)
    delay_us                                 0x08002c5b   Thumb Code    72  delay.o(.text)
    delay_ms                                 0x08002ca3   Thumb Code    72  delay.o(.text)
    _sys_exit                                0x08002cfd   Thumb Code     6  usart.o(.text)
    fputc                                    0x08002d03   Thumb Code    24  usart.o(.text)
    uart_init                                0x08002d1b   Thumb Code   152  usart.o(.text)
    USART1_IRQHandler                        0x08002db3   Thumb Code   122  usart.o(.text)
    Reset_Handler                            0x08002e3d   Thumb Code     8  startup_stm32f10x_hd.o(.text)
    ADC1_2_IRQHandler                        0x08002e57   Thumb Code     0  startup_stm32f10x_hd.o(.text)
    ADC3_IRQHandler                          0x08002e57   Thumb Code     0  startup_stm32f10x_hd.o(.text)
    CAN1_RX1_IRQHandler                      0x08002e57   Thumb Code     0  startup_stm32f10x_hd.o(.text)
    CAN1_SCE_IRQHandler                      0x08002e57   Thumb Code     0  startup_stm32f10x_hd.o(.text)
    DMA1_Channel1_IRQHandler                 0x08002e57   Thumb Code     0  startup_stm32f10x_hd.o(.text)
    DMA1_Channel2_IRQHandler                 0x08002e57   Thumb Code     0  startup_stm32f10x_hd.o(.text)
    DMA1_Channel3_IRQHandler                 0x08002e57   Thumb Code     0  startup_stm32f10x_hd.o(.text)
    DMA1_Channel4_IRQHandler                 0x08002e57   Thumb Code     0  startup_stm32f10x_hd.o(.text)
    DMA1_Channel5_IRQHandler                 0x08002e57   Thumb Code     0  startup_stm32f10x_hd.o(.text)
    DMA1_Channel6_IRQHandler                 0x08002e57   Thumb Code     0  startup_stm32f10x_hd.o(.text)
    DMA1_Channel7_IRQHandler                 0x08002e57   Thumb Code     0  startup_stm32f10x_hd.o(.text)
    DMA2_Channel1_IRQHandler                 0x08002e57   Thumb Code     0  startup_stm32f10x_hd.o(.text)
    DMA2_Channel2_IRQHandler                 0x08002e57   Thumb Code     0  startup_stm32f10x_hd.o(.text)
    DMA2_Channel3_IRQHandler                 0x08002e57   Thumb Code     0  startup_stm32f10x_hd.o(.text)
    DMA2_Channel4_5_IRQHandler               0x08002e57   Thumb Code     0  startup_stm32f10x_hd.o(.text)
    EXTI0_IRQHandler                         0x08002e57   Thumb Code     0  startup_stm32f10x_hd.o(.text)
    EXTI15_10_IRQHandler                     0x08002e57   Thumb Code     0  startup_stm32f10x_hd.o(.text)
    EXTI1_IRQHandler                         0x08002e57   Thumb Code     0  startup_stm32f10x_hd.o(.text)
    EXTI2_IRQHandler                         0x08002e57   Thumb Code     0  startup_stm32f10x_hd.o(.text)
    EXTI3_IRQHandler                         0x08002e57   Thumb Code     0  startup_stm32f10x_hd.o(.text)
    EXTI4_IRQHandler                         0x08002e57   Thumb Code     0  startup_stm32f10x_hd.o(.text)
    EXTI9_5_IRQHandler                       0x08002e57   Thumb Code     0  startup_stm32f10x_hd.o(.text)
    FLASH_IRQHandler                         0x08002e57   Thumb Code     0  startup_stm32f10x_hd.o(.text)
    FSMC_IRQHandler                          0x08002e57   Thumb Code     0  startup_stm32f10x_hd.o(.text)
    I2C1_ER_IRQHandler                       0x08002e57   Thumb Code     0  startup_stm32f10x_hd.o(.text)
    I2C1_EV_IRQHandler                       0x08002e57   Thumb Code     0  startup_stm32f10x_hd.o(.text)
    I2C2_ER_IRQHandler                       0x08002e57   Thumb Code     0  startup_stm32f10x_hd.o(.text)
    I2C2_EV_IRQHandler                       0x08002e57   Thumb Code     0  startup_stm32f10x_hd.o(.text)
    PVD_IRQHandler                           0x08002e57   Thumb Code     0  startup_stm32f10x_hd.o(.text)
    RCC_IRQHandler                           0x08002e57   Thumb Code     0  startup_stm32f10x_hd.o(.text)
    RTCAlarm_IRQHandler                      0x08002e57   Thumb Code     0  startup_stm32f10x_hd.o(.text)
    RTC_IRQHandler                           0x08002e57   Thumb Code     0  startup_stm32f10x_hd.o(.text)
    SDIO_IRQHandler                          0x08002e57   Thumb Code     0  startup_stm32f10x_hd.o(.text)
    SPI1_IRQHandler                          0x08002e57   Thumb Code     0  startup_stm32f10x_hd.o(.text)
    SPI2_IRQHandler                          0x08002e57   Thumb Code     0  startup_stm32f10x_hd.o(.text)
    SPI3_IRQHandler                          0x08002e57   Thumb Code     0  startup_stm32f10x_hd.o(.text)
    TAMPER_IRQHandler                        0x08002e57   Thumb Code     0  startup_stm32f10x_hd.o(.text)
    TIM1_BRK_IRQHandler                      0x08002e57   Thumb Code     0  startup_stm32f10x_hd.o(.text)
    TIM1_CC_IRQHandler                       0x08002e57   Thumb Code     0  startup_stm32f10x_hd.o(.text)
    TIM1_TRG_COM_IRQHandler                  0x08002e57   Thumb Code     0  startup_stm32f10x_hd.o(.text)
    TIM1_UP_IRQHandler                       0x08002e57   Thumb Code     0  startup_stm32f10x_hd.o(.text)
    TIM2_IRQHandler                          0x08002e57   Thumb Code     0  startup_stm32f10x_hd.o(.text)
    TIM4_IRQHandler                          0x08002e57   Thumb Code     0  startup_stm32f10x_hd.o(.text)
    TIM5_IRQHandler                          0x08002e57   Thumb Code     0  startup_stm32f10x_hd.o(.text)
    TIM6_IRQHandler                          0x08002e57   Thumb Code     0  startup_stm32f10x_hd.o(.text)
    TIM7_IRQHandler                          0x08002e57   Thumb Code     0  startup_stm32f10x_hd.o(.text)
    TIM8_BRK_IRQHandler                      0x08002e57   Thumb Code     0  startup_stm32f10x_hd.o(.text)
    TIM8_CC_IRQHandler                       0x08002e57   Thumb Code     0  startup_stm32f10x_hd.o(.text)
    TIM8_TRG_COM_IRQHandler                  0x08002e57   Thumb Code     0  startup_stm32f10x_hd.o(.text)
    TIM8_UP_IRQHandler                       0x08002e57   Thumb Code     0  startup_stm32f10x_hd.o(.text)
    UART4_IRQHandler                         0x08002e57   Thumb Code     0  startup_stm32f10x_hd.o(.text)
    UART5_IRQHandler                         0x08002e57   Thumb Code     0  startup_stm32f10x_hd.o(.text)
    USART2_IRQHandler                        0x08002e57   Thumb Code     0  startup_stm32f10x_hd.o(.text)
    USART3_IRQHandler                        0x08002e57   Thumb Code     0  startup_stm32f10x_hd.o(.text)
    USBWakeUp_IRQHandler                     0x08002e57   Thumb Code     0  startup_stm32f10x_hd.o(.text)
    USB_HP_CAN1_TX_IRQHandler                0x08002e57   Thumb Code     0  startup_stm32f10x_hd.o(.text)
    USB_LP_CAN1_RX0_IRQHandler               0x08002e57   Thumb Code     0  startup_stm32f10x_hd.o(.text)
    WWDG_IRQHandler                          0x08002e57   Thumb Code     0  startup_stm32f10x_hd.o(.text)
    __user_initial_stackheap                 0x08002e59   Thumb Code     0  startup_stm32f10x_hd.o(.text)
    NVIC_PriorityGroupConfig                 0x08002e7d   Thumb Code    10  misc.o(.text)
    NVIC_Init                                0x08002e87   Thumb Code   100  misc.o(.text)
    NVIC_SetVectorTable                      0x08002eeb   Thumb Code    14  misc.o(.text)
    NVIC_SystemLPConfig                      0x08002ef9   Thumb Code    34  misc.o(.text)
    SysTick_CLKSourceConfig                  0x08002f1b   Thumb Code    40  misc.o(.text)
    ADC_DeInit                               0x08002f59   Thumb Code    78  stm32f10x_adc.o(.text)
    ADC_Init                                 0x08002fa7   Thumb Code    70  stm32f10x_adc.o(.text)
    ADC_StructInit                           0x08002fed   Thumb Code    18  stm32f10x_adc.o(.text)
    ADC_Cmd                                  0x08002fff   Thumb Code    22  stm32f10x_adc.o(.text)
    ADC_DMACmd                               0x08003015   Thumb Code    22  stm32f10x_adc.o(.text)
    ADC_ITConfig                             0x0800302b   Thumb Code    24  stm32f10x_adc.o(.text)
    ADC_ResetCalibration                     0x08003043   Thumb Code    10  stm32f10x_adc.o(.text)
    ADC_GetResetCalibrationStatus            0x0800304d   Thumb Code    20  stm32f10x_adc.o(.text)
    ADC_StartCalibration                     0x08003061   Thumb Code    10  stm32f10x_adc.o(.text)
    ADC_GetCalibrationStatus                 0x0800306b   Thumb Code    20  stm32f10x_adc.o(.text)
    ADC_SoftwareStartConvCmd                 0x0800307f   Thumb Code    22  stm32f10x_adc.o(.text)
    ADC_GetSoftwareStartConvStatus           0x08003095   Thumb Code    20  stm32f10x_adc.o(.text)
    ADC_DiscModeChannelCountConfig           0x080030a9   Thumb Code    24  stm32f10x_adc.o(.text)
    ADC_DiscModeCmd                          0x080030c1   Thumb Code    22  stm32f10x_adc.o(.text)
    ADC_RegularChannelConfig                 0x080030d7   Thumb Code   184  stm32f10x_adc.o(.text)
    ADC_ExternalTrigConvCmd                  0x0800318f   Thumb Code    22  stm32f10x_adc.o(.text)
    ADC_GetConversionValue                   0x080031a5   Thumb Code     8  stm32f10x_adc.o(.text)
    ADC_GetDualModeConversionValue           0x080031ad   Thumb Code     8  stm32f10x_adc.o(.text)
    ADC_AutoInjectedConvCmd                  0x080031b5   Thumb Code    22  stm32f10x_adc.o(.text)
    ADC_InjectedDiscModeCmd                  0x080031cb   Thumb Code    22  stm32f10x_adc.o(.text)
    ADC_ExternalTrigInjectedConvConfig       0x080031e1   Thumb Code    16  stm32f10x_adc.o(.text)
    ADC_ExternalTrigInjectedConvCmd          0x080031f1   Thumb Code    22  stm32f10x_adc.o(.text)
    ADC_SoftwareStartInjectedConvCmd         0x08003207   Thumb Code    22  stm32f10x_adc.o(.text)
    ADC_GetSoftwareStartInjectedConvCmdStatus 0x0800321d   Thumb Code    20  stm32f10x_adc.o(.text)
    ADC_InjectedChannelConfig                0x08003231   Thumb Code   130  stm32f10x_adc.o(.text)
    ADC_InjectedSequencerLengthConfig        0x080032b3   Thumb Code    24  stm32f10x_adc.o(.text)
    ADC_SetInjectedOffset                    0x080032cb   Thumb Code    20  stm32f10x_adc.o(.text)
    ADC_GetInjectedConversionValue           0x080032df   Thumb Code    28  stm32f10x_adc.o(.text)
    ADC_AnalogWatchdogCmd                    0x080032fb   Thumb Code    16  stm32f10x_adc.o(.text)
    ADC_AnalogWatchdogThresholdsConfig       0x0800330b   Thumb Code     6  stm32f10x_adc.o(.text)
    ADC_AnalogWatchdogSingleChannelConfig    0x08003311   Thumb Code    16  stm32f10x_adc.o(.text)
    ADC_TempSensorVrefintCmd                 0x08003321   Thumb Code    64  stm32f10x_adc.o(.text)
    ADC_GetFlagStatus                        0x08003361   Thumb Code    18  stm32f10x_adc.o(.text)
    ADC_ClearFlag                            0x08003373   Thumb Code     6  stm32f10x_adc.o(.text)
    ADC_GetITStatus                          0x08003379   Thumb Code    36  stm32f10x_adc.o(.text)
    ADC_ClearITPendingBit                    0x0800339d   Thumb Code    10  stm32f10x_adc.o(.text)
    GPIO_DeInit                              0x080033a9   Thumb Code   172  stm32f10x_gpio.o(.text)
    GPIO_AFIODeInit                          0x08003455   Thumb Code    20  stm32f10x_gpio.o(.text)
    GPIO_Init                                0x08003469   Thumb Code   278  stm32f10x_gpio.o(.text)
    GPIO_StructInit                          0x0800357f   Thumb Code    16  stm32f10x_gpio.o(.text)
    GPIO_ReadInputDataBit                    0x0800358f   Thumb Code    18  stm32f10x_gpio.o(.text)
    GPIO_ReadInputData                       0x080035a1   Thumb Code     8  stm32f10x_gpio.o(.text)
    GPIO_ReadOutputDataBit                   0x080035a9   Thumb Code    18  stm32f10x_gpio.o(.text)
    GPIO_ReadOutputData                      0x080035bb   Thumb Code     8  stm32f10x_gpio.o(.text)
    GPIO_SetBits                             0x080035c3   Thumb Code     4  stm32f10x_gpio.o(.text)
    GPIO_ResetBits                           0x080035c7   Thumb Code     4  stm32f10x_gpio.o(.text)
    GPIO_WriteBit                            0x080035cb   Thumb Code    10  stm32f10x_gpio.o(.text)
    GPIO_Write                               0x080035d5   Thumb Code     4  stm32f10x_gpio.o(.text)
    GPIO_PinLockConfig                       0x080035d9   Thumb Code    18  stm32f10x_gpio.o(.text)
    GPIO_EventOutputConfig                   0x080035eb   Thumb Code    26  stm32f10x_gpio.o(.text)
    GPIO_EventOutputCmd                      0x08003605   Thumb Code     6  stm32f10x_gpio.o(.text)
    GPIO_PinRemapConfig                      0x0800360b   Thumb Code   138  stm32f10x_gpio.o(.text)
    GPIO_EXTILineConfig                      0x08003695   Thumb Code    66  stm32f10x_gpio.o(.text)
    GPIO_ETH_MediaInterfaceConfig            0x080036d7   Thumb Code     8  stm32f10x_gpio.o(.text)
    RCC_DeInit                               0x08003705   Thumb Code    64  stm32f10x_rcc.o(.text)
    RCC_HSEConfig                            0x08003745   Thumb Code    70  stm32f10x_rcc.o(.text)
    RCC_GetFlagStatus                        0x0800378b   Thumb Code    56  stm32f10x_rcc.o(.text)
    RCC_WaitForHSEStartUp                    0x080037c3   Thumb Code    56  stm32f10x_rcc.o(.text)
    RCC_AdjustHSICalibrationValue            0x080037fb   Thumb Code    20  stm32f10x_rcc.o(.text)
    RCC_HSICmd                               0x0800380f   Thumb Code     6  stm32f10x_rcc.o(.text)
    RCC_PLLConfig                            0x08003815   Thumb Code    24  stm32f10x_rcc.o(.text)
    RCC_PLLCmd                               0x0800382d   Thumb Code     6  stm32f10x_rcc.o(.text)
    RCC_SYSCLKConfig                         0x08003833   Thumb Code    18  stm32f10x_rcc.o(.text)
    RCC_GetSYSCLKSource                      0x08003845   Thumb Code    10  stm32f10x_rcc.o(.text)
    RCC_HCLKConfig                           0x0800384f   Thumb Code    18  stm32f10x_rcc.o(.text)
    RCC_PCLK1Config                          0x08003861   Thumb Code    18  stm32f10x_rcc.o(.text)
    RCC_PCLK2Config                          0x08003873   Thumb Code    20  stm32f10x_rcc.o(.text)
    RCC_ITConfig                             0x08003887   Thumb Code    26  stm32f10x_rcc.o(.text)
    RCC_USBCLKConfig                         0x080038a1   Thumb Code     8  stm32f10x_rcc.o(.text)
    RCC_ADCCLKConfig                         0x080038a9   Thumb Code    18  stm32f10x_rcc.o(.text)
    RCC_LSEConfig                            0x080038bb   Thumb Code    50  stm32f10x_rcc.o(.text)
    RCC_LSICmd                               0x080038ed   Thumb Code     6  stm32f10x_rcc.o(.text)
    RCC_RTCCLKConfig                         0x080038f3   Thumb Code    12  stm32f10x_rcc.o(.text)
    RCC_RTCCLKCmd                            0x080038ff   Thumb Code     8  stm32f10x_rcc.o(.text)
    RCC_GetClocksFreq                        0x08003907   Thumb Code   192  stm32f10x_rcc.o(.text)
    RCC_AHBPeriphClockCmd                    0x080039c7   Thumb Code    26  stm32f10x_rcc.o(.text)
    RCC_APB2PeriphClockCmd                   0x080039e1   Thumb Code    26  stm32f10x_rcc.o(.text)
    RCC_APB1PeriphClockCmd                   0x080039fb   Thumb Code    26  stm32f10x_rcc.o(.text)
    RCC_APB2PeriphResetCmd                   0x08003a15   Thumb Code    26  stm32f10x_rcc.o(.text)
    RCC_APB1PeriphResetCmd                   0x08003a2f   Thumb Code    26  stm32f10x_rcc.o(.text)
    RCC_BackupResetCmd                       0x08003a49   Thumb Code     8  stm32f10x_rcc.o(.text)
    RCC_ClockSecuritySystemCmd               0x08003a51   Thumb Code     6  stm32f10x_rcc.o(.text)
    RCC_MCOConfig                            0x08003a57   Thumb Code     6  stm32f10x_rcc.o(.text)
    RCC_ClearFlag                            0x08003a5d   Thumb Code    14  stm32f10x_rcc.o(.text)
    RCC_GetITStatus                          0x08003a6b   Thumb Code    20  stm32f10x_rcc.o(.text)
    RCC_ClearITPendingBit                    0x08003a7f   Thumb Code     6  stm32f10x_rcc.o(.text)
    USART_DeInit                             0x08003aa9   Thumb Code   134  stm32f10x_usart.o(.text)
    USART_Init                               0x08003b2f   Thumb Code   210  stm32f10x_usart.o(.text)
    USART_StructInit                         0x08003c01   Thumb Code    24  stm32f10x_usart.o(.text)
    USART_ClockInit                          0x08003c19   Thumb Code    34  stm32f10x_usart.o(.text)
    USART_ClockStructInit                    0x08003c3b   Thumb Code    12  stm32f10x_usart.o(.text)
    USART_Cmd                                0x08003c47   Thumb Code    24  stm32f10x_usart.o(.text)
    USART_ITConfig                           0x08003c5f   Thumb Code    74  stm32f10x_usart.o(.text)
    USART_DMACmd                             0x08003ca9   Thumb Code    18  stm32f10x_usart.o(.text)
    USART_SetAddress                         0x08003cbb   Thumb Code    18  stm32f10x_usart.o(.text)
    USART_WakeUpConfig                       0x08003ccd   Thumb Code    18  stm32f10x_usart.o(.text)
    USART_ReceiverWakeUpCmd                  0x08003cdf   Thumb Code    24  stm32f10x_usart.o(.text)
    USART_LINBreakDetectLengthConfig         0x08003cf7   Thumb Code    18  stm32f10x_usart.o(.text)
    USART_LINCmd                             0x08003d09   Thumb Code    24  stm32f10x_usart.o(.text)
    USART_SendData                           0x08003d21   Thumb Code     8  stm32f10x_usart.o(.text)
    USART_ReceiveData                        0x08003d29   Thumb Code    10  stm32f10x_usart.o(.text)
    USART_SendBreak                          0x08003d33   Thumb Code    10  stm32f10x_usart.o(.text)
    USART_SetGuardTime                       0x08003d3d   Thumb Code    16  stm32f10x_usart.o(.text)
    USART_SetPrescaler                       0x08003d4d   Thumb Code    16  stm32f10x_usart.o(.text)
    USART_SmartCardCmd                       0x08003d5d   Thumb Code    24  stm32f10x_usart.o(.text)
    USART_SmartCardNACKCmd                   0x08003d75   Thumb Code    24  stm32f10x_usart.o(.text)
    USART_HalfDuplexCmd                      0x08003d8d   Thumb Code    24  stm32f10x_usart.o(.text)
    USART_OverSampling8Cmd                   0x08003da5   Thumb Code    22  stm32f10x_usart.o(.text)
    USART_OneBitMethodCmd                    0x08003dbb   Thumb Code    24  stm32f10x_usart.o(.text)
    USART_IrDAConfig                         0x08003dd3   Thumb Code    18  stm32f10x_usart.o(.text)
    USART_IrDACmd                            0x08003de5   Thumb Code    24  stm32f10x_usart.o(.text)
    USART_GetFlagStatus                      0x08003dfd   Thumb Code    26  stm32f10x_usart.o(.text)
    USART_ClearFlag                          0x08003e17   Thumb Code    18  stm32f10x_usart.o(.text)
    USART_GetITStatus                        0x08003e29   Thumb Code    84  stm32f10x_usart.o(.text)
    USART_ClearITPendingBit                  0x08003e7d   Thumb Code    52  stm32f10x_usart.o(.text)
    TIM_DeInit                               0x08003eb1   Thumb Code   424  stm32f10x_tim.o(.text)
    TIM_TimeBaseInit                         0x08004059   Thumb Code   122  stm32f10x_tim.o(.text)
    TIM_OC1Init                              0x080040d3   Thumb Code   132  stm32f10x_tim.o(.text)
    TIM_OC2Init                              0x08004157   Thumb Code   154  stm32f10x_tim.o(.text)
    TIM_OC3Init                              0x080041f1   Thumb Code   150  stm32f10x_tim.o(.text)
    TIM_OC4Init                              0x08004287   Thumb Code   182  stm32f10x_tim.o(.text)
    TIM_SetIC4Prescaler                      0x0800433d   Thumb Code    26  stm32f10x_tim.o(.text)
    TIM_SetIC3Prescaler                      0x080043d9   Thumb Code    18  stm32f10x_tim.o(.text)
    TIM_SetIC2Prescaler                      0x08004465   Thumb Code    26  stm32f10x_tim.o(.text)
    TIM_SetIC1Prescaler                      0x08004501   Thumb Code    18  stm32f10x_tim.o(.text)
    TIM_ICInit                               0x0800457f   Thumb Code   150  stm32f10x_tim.o(.text)
    TIM_PWMIConfig                           0x08004615   Thumb Code   124  stm32f10x_tim.o(.text)
    TIM_BDTRConfig                           0x08004691   Thumb Code    32  stm32f10x_tim.o(.text)
    TIM_TimeBaseStructInit                   0x080046b1   Thumb Code    18  stm32f10x_tim.o(.text)
    TIM_OCStructInit                         0x080046c3   Thumb Code    20  stm32f10x_tim.o(.text)
    TIM_ICStructInit                         0x080046d7   Thumb Code    18  stm32f10x_tim.o(.text)
    TIM_BDTRStructInit                       0x080046e9   Thumb Code    40  stm32f10x_tim.o(.text)
    TIM_Cmd                                  0x08004711   Thumb Code    24  stm32f10x_tim.o(.text)
    TIM_CtrlPWMOutputs                       0x08004729   Thumb Code    30  stm32f10x_tim.o(.text)
    TIM_ITConfig                             0x08004747   Thumb Code    18  stm32f10x_tim.o(.text)
    TIM_GenerateEvent                        0x08004759   Thumb Code     4  stm32f10x_tim.o(.text)
    TIM_DMAConfig                            0x0800475d   Thumb Code    10  stm32f10x_tim.o(.text)
    TIM_DMACmd                               0x08004767   Thumb Code    18  stm32f10x_tim.o(.text)
    TIM_InternalClockConfig                  0x08004779   Thumb Code    12  stm32f10x_tim.o(.text)
    TIM_SelectInputTrigger                   0x08004785   Thumb Code    18  stm32f10x_tim.o(.text)
    TIM_ITRxExternalClockConfig              0x08004797   Thumb Code    24  stm32f10x_tim.o(.text)
    TIM_TIxExternalClockConfig               0x080047af   Thumb Code    62  stm32f10x_tim.o(.text)
    TIM_ETRConfig                            0x080047ed   Thumb Code    28  stm32f10x_tim.o(.text)
    TIM_ETRClockMode1Config                  0x08004809   Thumb Code    54  stm32f10x_tim.o(.text)
    TIM_ETRClockMode2Config                  0x0800483f   Thumb Code    32  stm32f10x_tim.o(.text)
    TIM_PrescalerConfig                      0x0800485f   Thumb Code     6  stm32f10x_tim.o(.text)
    TIM_CounterModeConfig                    0x08004865   Thumb Code    18  stm32f10x_tim.o(.text)
    TIM_EncoderInterfaceConfig               0x08004877   Thumb Code    66  stm32f10x_tim.o(.text)
    TIM_ForcedOC1Config                      0x080048b9   Thumb Code    18  stm32f10x_tim.o(.text)
    TIM_ForcedOC2Config                      0x080048cb   Thumb Code    26  stm32f10x_tim.o(.text)
    TIM_ForcedOC3Config                      0x080048e5   Thumb Code    18  stm32f10x_tim.o(.text)
    TIM_ForcedOC4Config                      0x080048f7   Thumb Code    26  stm32f10x_tim.o(.text)
    TIM_ARRPreloadConfig                     0x08004911   Thumb Code    24  stm32f10x_tim.o(.text)
    TIM_SelectCOM                            0x08004929   Thumb Code    24  stm32f10x_tim.o(.text)
    TIM_SelectCCDMA                          0x08004941   Thumb Code    24  stm32f10x_tim.o(.text)
    TIM_CCPreloadControl                     0x08004959   Thumb Code    24  stm32f10x_tim.o(.text)
    TIM_OC1PreloadConfig                     0x08004971   Thumb Code    18  stm32f10x_tim.o(.text)
    TIM_OC2PreloadConfig                     0x08004983   Thumb Code    26  stm32f10x_tim.o(.text)
    TIM_OC3PreloadConfig                     0x0800499d   Thumb Code    18  stm32f10x_tim.o(.text)
    TIM_OC4PreloadConfig                     0x080049af   Thumb Code    26  stm32f10x_tim.o(.text)
    TIM_OC1FastConfig                        0x080049c9   Thumb Code    18  stm32f10x_tim.o(.text)
    TIM_OC2FastConfig                        0x080049db   Thumb Code    26  stm32f10x_tim.o(.text)
    TIM_OC3FastConfig                        0x080049f5   Thumb Code    18  stm32f10x_tim.o(.text)
    TIM_OC4FastConfig                        0x08004a07   Thumb Code    26  stm32f10x_tim.o(.text)
    TIM_ClearOC1Ref                          0x08004a21   Thumb Code    18  stm32f10x_tim.o(.text)
    TIM_ClearOC2Ref                          0x08004a33   Thumb Code    24  stm32f10x_tim.o(.text)
    TIM_ClearOC3Ref                          0x08004a4b   Thumb Code    18  stm32f10x_tim.o(.text)
    TIM_ClearOC4Ref                          0x08004a5d   Thumb Code    24  stm32f10x_tim.o(.text)
    TIM_OC1PolarityConfig                    0x08004a75   Thumb Code    18  stm32f10x_tim.o(.text)
    TIM_OC1NPolarityConfig                   0x08004a87   Thumb Code    18  stm32f10x_tim.o(.text)
    TIM_OC2PolarityConfig                    0x08004a99   Thumb Code    26  stm32f10x_tim.o(.text)
    TIM_OC2NPolarityConfig                   0x08004ab3   Thumb Code    26  stm32f10x_tim.o(.text)
    TIM_OC3PolarityConfig                    0x08004acd   Thumb Code    26  stm32f10x_tim.o(.text)
    TIM_OC3NPolarityConfig                   0x08004ae7   Thumb Code    26  stm32f10x_tim.o(.text)
    TIM_OC4PolarityConfig                    0x08004b01   Thumb Code    26  stm32f10x_tim.o(.text)
    TIM_CCxCmd                               0x08004b1b   Thumb Code    30  stm32f10x_tim.o(.text)
    TIM_CCxNCmd                              0x08004b39   Thumb Code    30  stm32f10x_tim.o(.text)
    TIM_SelectOCxM                           0x08004b57   Thumb Code    82  stm32f10x_tim.o(.text)
    TIM_UpdateDisableConfig                  0x08004ba9   Thumb Code    24  stm32f10x_tim.o(.text)
    TIM_UpdateRequestConfig                  0x08004bc1   Thumb Code    24  stm32f10x_tim.o(.text)
    TIM_SelectHallSensor                     0x08004bd9   Thumb Code    24  stm32f10x_tim.o(.text)
    TIM_SelectOnePulseMode                   0x08004bf1   Thumb Code    18  stm32f10x_tim.o(.text)
    TIM_SelectOutputTrigger                  0x08004c03   Thumb Code    18  stm32f10x_tim.o(.text)
    TIM_SelectSlaveMode                      0x08004c15   Thumb Code    18  stm32f10x_tim.o(.text)
    TIM_SelectMasterSlaveMode                0x08004c27   Thumb Code    18  stm32f10x_tim.o(.text)
    TIM_SetCounter                           0x08004c39   Thumb Code     4  stm32f10x_tim.o(.text)
    TIM_SetAutoreload                        0x08004c3d   Thumb Code     4  stm32f10x_tim.o(.text)
    TIM_SetCompare1                          0x08004c41   Thumb Code     4  stm32f10x_tim.o(.text)
    TIM_SetCompare2                          0x08004c45   Thumb Code     4  stm32f10x_tim.o(.text)
    TIM_SetCompare3                          0x08004c49   Thumb Code     4  stm32f10x_tim.o(.text)
    TIM_SetCompare4                          0x08004c4d   Thumb Code     6  stm32f10x_tim.o(.text)
    TIM_SetClockDivision                     0x08004c53   Thumb Code    18  stm32f10x_tim.o(.text)
    TIM_GetCapture1                          0x08004c65   Thumb Code     6  stm32f10x_tim.o(.text)
    TIM_GetCapture2                          0x08004c6b   Thumb Code     6  stm32f10x_tim.o(.text)
    TIM_GetCapture3                          0x08004c71   Thumb Code     6  stm32f10x_tim.o(.text)
    TIM_GetCapture4                          0x08004c77   Thumb Code     8  stm32f10x_tim.o(.text)
    TIM_GetCounter                           0x08004c7f   Thumb Code     6  stm32f10x_tim.o(.text)
    TIM_GetPrescaler                         0x08004c85   Thumb Code     6  stm32f10x_tim.o(.text)
    TIM_GetFlagStatus                        0x08004c8b   Thumb Code    18  stm32f10x_tim.o(.text)
    TIM_ClearFlag                            0x08004c9d   Thumb Code     6  stm32f10x_tim.o(.text)
    TIM_GetITStatus                          0x08004ca3   Thumb Code    34  stm32f10x_tim.o(.text)
    TIM_ClearITPendingBit                    0x08004cc5   Thumb Code     6  stm32f10x_tim.o(.text)
    __use_no_semihosting                     0x08004ccb   Thumb Code     2  use_no_semi_2.o(.text)
    __2sprintf                               0x08004ccd   Thumb Code    34  noretval__2sprintf.o(.text)
    _printf_pre_padding                      0x08004cf5   Thumb Code    44  _printf_pad.o(.text)
    _printf_post_padding                     0x08004d21   Thumb Code    34  _printf_pad.o(.text)
    __printf                                 0x08004d43   Thumb Code   270  __printf_wp.o(.text)
    __use_two_region_memory                  0x08004e51   Thumb Code     2  heapauxi.o(.text)
    __rt_heap_escrow$2region                 0x08004e53   Thumb Code     2  heapauxi.o(.text)
    __rt_heap_expand$2region                 0x08004e55   Thumb Code     2  heapauxi.o(.text)
    __I$use$semihosting                      0x08004e57   Thumb Code     0  use_no_semi.o(.text)
    __use_no_semihosting_swi                 0x08004e57   Thumb Code     2  use_no_semi.o(.text)
    __read_errno                             0x08004e59   Thumb Code    10  _rserrno.o(.text)
    __set_errno                              0x08004e63   Thumb Code    12  _rserrno.o(.text)
    __lib_sel_fp_printf                      0x08004e6f   Thumb Code     2  _printf_fp_dec.o(.text)
    _printf_fp_dec_real                      0x0800501d   Thumb Code   620  _printf_fp_dec.o(.text)
    _printf_char_common                      0x08005293   Thumb Code    32  _printf_char_common.o(.text)
    _sputc                                   0x080052b9   Thumb Code    10  _sputc.o(.text)
    __rt_locale                              0x080052c5   Thumb Code     8  rt_locale_intlibspace.o(.text)
    __aeabi_errno_addr                       0x080052cd   Thumb Code     8  rt_errno_addr_intlibspace.o(.text)
    __errno$intlibspace                      0x080052cd   Thumb Code     0  rt_errno_addr_intlibspace.o(.text)
    __rt_errno_addr$intlibspace              0x080052cd   Thumb Code     0  rt_errno_addr_intlibspace.o(.text)
    _ll_udiv10                               0x080052d5   Thumb Code   138  lludiv10.o(.text)
    _printf_fp_infnan                        0x08005361   Thumb Code   112  _printf_fp_infnan.o(.text)
    _btod_etento                             0x080053e1   Thumb Code   216  bigflt0.o(.text)
    __user_libspace                          0x080054bd   Thumb Code     8  libspace.o(.text)
    __user_perproc_libspace                  0x080054bd   Thumb Code     0  libspace.o(.text)
    __user_perthread_libspace                0x080054bd   Thumb Code     0  libspace.o(.text)
    __user_setup_stackheap                   0x080054c5   Thumb Code    74  sys_stackheap_outer.o(.text)
    exit                                     0x0800550f   Thumb Code    12  exit.o(.text)
    strcmp                                   0x0800551d   Thumb Code   128  strcmpv7m.o(.text)
    _btod_d2e                                0x0800559d   Thumb Code    62  btod.o(CL$$btod_d2e)
    _d2e_denorm_low                          0x080055db   Thumb Code    70  btod.o(CL$$btod_d2e_denorm_low)
    _d2e_norm_op1                            0x08005621   Thumb Code    96  btod.o(CL$$btod_d2e_norm_op1)
    __btod_div_common                        0x08005681   Thumb Code   696  btod.o(CL$$btod_div_common)
    _e2e                                     0x080059b9   Thumb Code   198  btod.o(CL$$btod_e2e)
    _btod_ediv                               0x08005a7f   Thumb Code    40  btod.o(CL$$btod_ediv)
    _btod_emul                               0x08005aa7   Thumb Code    40  btod.o(CL$$btod_emul)
    __btod_mult_common                       0x08005acf   Thumb Code   580  btod.o(CL$$btod_mult_common)
    __ARM_fpclassify                         0x08005d13   Thumb Code    40  fpclassify.o(i.__ARM_fpclassify)
    __ieee754_rem_pio2                       0x08005d3d   Thumb Code   828  rred.o(i.__ieee754_rem_pio2)
    __kernel_cos                             0x080060c5   Thumb Code   230  cos_i.o(i.__kernel_cos)
    __kernel_poly                            0x080061c1   Thumb Code   170  poly.o(i.__kernel_poly)
    __kernel_sin                             0x0800626d   Thumb Code   224  sin_i.o(i.__kernel_sin)
    __mathlib_dbl_infnan                     0x08006359   Thumb Code     6  dunder.o(i.__mathlib_dbl_infnan)
    __mathlib_dbl_invalid                    0x0800635f   Thumb Code    12  dunder.o(i.__mathlib_dbl_invalid)
    __mathlib_dbl_underflow                  0x0800636d   Thumb Code    10  dunder.o(i.__mathlib_dbl_underflow)
    _is_digit                                0x0800637d   Thumb Code    14  __printf_wp.o(i._is_digit)
    atan                                     0x0800638d   Thumb Code   474  atan.o(i.atan)
    cos                                      0x080065ad   Thumb Code   148  cos.o(i.cos)
    sin                                      0x08006649   Thumb Code   150  sin.o(i.sin)
    sqrt                                     0x080066e9   Thumb Code    76  sqrt.o(i.sqrt)
    _get_lc_numeric                          0x08006735   Thumb Code    44  lc_numeric_c.o(locale$$code)
    __aeabi_d2f                              0x08006761   Thumb Code     0  d2f.o(x$fpl$d2f)
    _d2f                                     0x08006761   Thumb Code    98  d2f.o(x$fpl$d2f)
    __aeabi_dadd                             0x080067c5   Thumb Code     0  daddsub_clz.o(x$fpl$dadd)
    _dadd                                    0x080067c5   Thumb Code   332  daddsub_clz.o(x$fpl$dadd)
    __fpl_dcheck_NaN1                        0x08006915   Thumb Code    10  dcheck1.o(x$fpl$dcheck1)
    __fpl_dcmp_Inf                           0x08006925   Thumb Code    24  dcmpi.o(x$fpl$dcmpinf)
    __aeabi_ddiv                             0x0800693d   Thumb Code     0  ddiv.o(x$fpl$ddiv)
    _ddiv                                    0x0800693d   Thumb Code   552  ddiv.o(x$fpl$ddiv)
    __aeabi_d2iz                             0x08006bed   Thumb Code     0  dfix.o(x$fpl$dfix)
    _dfix                                    0x08006bed   Thumb Code    94  dfix.o(x$fpl$dfix)
    __aeabi_i2d                              0x08006c4b   Thumb Code     0  dflt_clz.o(x$fpl$dflt)
    _dflt                                    0x08006c4b   Thumb Code    46  dflt_clz.o(x$fpl$dflt)
    __aeabi_ui2d                             0x08006c79   Thumb Code     0  dflt_clz.o(x$fpl$dfltu)
    _dfltu                                   0x08006c79   Thumb Code    38  dflt_clz.o(x$fpl$dfltu)
    __aeabi_cdcmple                          0x08006ca1   Thumb Code     0  dleqf.o(x$fpl$dleqf)
    _dcmple                                  0x08006ca1   Thumb Code   120  dleqf.o(x$fpl$dleqf)
    __fpl_dcmple_InfNaN                      0x08006d03   Thumb Code     0  dleqf.o(x$fpl$dleqf)
    __aeabi_dmul                             0x08006d19   Thumb Code     0  dmul.o(x$fpl$dmul)
    _dmul                                    0x08006d19   Thumb Code   332  dmul.o(x$fpl$dmul)
    __fpl_dnaninf                            0x08006e6d   Thumb Code   156  dnaninf.o(x$fpl$dnaninf)
    __fpl_dretinf                            0x08006f09   Thumb Code    12  dretinf.o(x$fpl$dretinf)
    __aeabi_cdrcmple                         0x08006f15   Thumb Code     0  drleqf.o(x$fpl$drleqf)
    _drcmple                                 0x08006f15   Thumb Code   108  drleqf.o(x$fpl$drleqf)
    __aeabi_drsub                            0x08006f81   Thumb Code     0  daddsub_clz.o(x$fpl$drsb)
    _drsb                                    0x08006f81   Thumb Code    22  daddsub_clz.o(x$fpl$drsb)
    _dsqrt                                   0x08006f99   Thumb Code   456  dsqrt_noumaal.o(x$fpl$dsqrt)
    __aeabi_dsub                             0x08007165   Thumb Code     0  daddsub_clz.o(x$fpl$dsub)
    _dsub                                    0x08007165   Thumb Code   464  daddsub_clz.o(x$fpl$dsub)
    __aeabi_f2d                              0x08007339   Thumb Code     0  f2d.o(x$fpl$f2d)
    _f2d                                     0x08007339   Thumb Code    86  f2d.o(x$fpl$f2d)
    __aeabi_fadd                             0x08007391   Thumb Code     0  faddsub_clz.o(x$fpl$fadd)
    _fadd                                    0x08007391   Thumb Code   196  faddsub_clz.o(x$fpl$fadd)
    __fpl_fcmp_Inf                           0x08007455   Thumb Code    24  fcmpi.o(x$fpl$fcmpinf)
    __aeabi_fdiv                             0x0800746d   Thumb Code     0  fdiv.o(x$fpl$fdiv)
    _fdiv                                    0x0800746d   Thumb Code   384  fdiv.o(x$fpl$fdiv)
    __aeabi_i2f                              0x080075f1   Thumb Code     0  fflt_clz.o(x$fpl$fflt)
    _fflt                                    0x080075f1   Thumb Code    48  fflt_clz.o(x$fpl$fflt)
    __aeabi_ui2f                             0x08007621   Thumb Code     0  fflt_clz.o(x$fpl$ffltu)
    _ffltu                                   0x08007621   Thumb Code    38  fflt_clz.o(x$fpl$ffltu)
    __aeabi_cfcmple                          0x08007649   Thumb Code     0  fleqf.o(x$fpl$fleqf)
    _fcmple                                  0x08007649   Thumb Code   104  fleqf.o(x$fpl$fleqf)
    __fpl_fcmple_InfNaN                      0x0800769b   Thumb Code     0  fleqf.o(x$fpl$fleqf)
    __aeabi_fmul                             0x080076b1   Thumb Code     0  fmul.o(x$fpl$fmul)
    _fmul                                    0x080076b1   Thumb Code   258  fmul.o(x$fpl$fmul)
    __fpl_fnaninf                            0x080077b3   Thumb Code   140  fnaninf.o(x$fpl$fnaninf)
    __fpl_fretinf                            0x0800783f   Thumb Code    10  fretinf.o(x$fpl$fretinf)
    __aeabi_cfrcmple                         0x08007849   Thumb Code     0  frleqf.o(x$fpl$frleqf)
    _frcmple                                 0x08007849   Thumb Code    98  frleqf.o(x$fpl$frleqf)
    __aeabi_fsub                             0x080078ad   Thumb Code     0  faddsub_clz.o(x$fpl$fsub)
    _fsub                                    0x080078ad   Thumb Code   234  faddsub_clz.o(x$fpl$fsub)
    _printf_fp_dec                           0x08007997   Thumb Code     4  printf1.o(x$fpl$printf1)
    __fpl_return_NaN                         0x0800799b   Thumb Code   100  retnan.o(x$fpl$retnan)
    __ARM_scalbn                             0x080079ff   Thumb Code    92  scalbn.o(x$fpl$scalbn)
    __fpl_cmpreturn                          0x08007a5b   Thumb Code    48  trapv.o(x$fpl$trapveneer)
    __I$use$fp                               0x08007a8a   Number         0  usenofp.o(x$fpl$usenofp)
    Region$$Table$$Base                      0x08007cdc   Number         0  anon$$obj.o(Region$$Table)
    Region$$Table$$Limit                     0x08007cfc   Number         0  anon$$obj.o(Region$$Table)
    APhaseCurrentMax                         0x20000000   Data           4  main.o(.data)
    APhaseCurrentAngle                       0x20000004   Data           4  main.o(.data)
    BPhaseCurrentMax                         0x20000008   Data           4  main.o(.data)
    BPhaseCurrentAngle                       0x2000000c   Data           4  main.o(.data)
    CPhaseCurrentMax                         0x20000010   Data           4  main.o(.data)
    CPhaseCurrentAngle                       0x20000014   Data           4  main.o(.data)
    APhaseVoltageMax                         0x20000018   Data           4  main.o(.data)
    APhaseVoltageAngle                       0x2000001c   Data           4  main.o(.data)
    BPhaseVoltageMax                         0x20000020   Data           4  main.o(.data)
    BPhaseVoltageAngle                       0x20000024   Data           4  main.o(.data)
    CPhaseVoltageMax                         0x20000028   Data           4  main.o(.data)
    CPhaseVoltageAngle                       0x2000002c   Data           4  main.o(.data)
    KeyUtimate                               0x20000030   Data           1  main.o(.data)
    CurrentSetting                           0x20000034   Data           4  main.o(.data)
    VolageSetting                            0x20000038   Data           4  main.o(.data)
    page                                     0x2000003c   Data           1  main.o(.data)
    hang                                     0x2000003d   Data           1  main.o(.data)
    s                                        0x2000003e   Data           4  main.o(.data)
    n                                        0x20000042   Data           1  main.o(.data)
    sta                                      0x20000043   Data           1  main.o(.data)
    ele                                      0x20000044   Data           4  main.o(.data)
    F                                        0x20000048   Data           1  main.o(.data)
    g                                        0x20000049   Data           1  main.o(.data)
    pagestate                                0x2000004a   Data           1  main.o(.data)
    tem                                      0x2000004c   Data           4  main.o(.data)
    SystemCoreClock                          0x20000050   Data           4  system_stm32f10x.o(.data)
    AHBPrescTable                            0x20000054   Data          16  system_stm32f10x.o(.data)
    flag                                     0x20000070   Data           4  timer.o(.data)
    maya                                     0x20000074   Data           4  timer.o(.data)
    __stdout                                 0x2000007c   Data           4  usart.o(.data)
    USART_RX_STA                             0x20000080   Data           2  usart.o(.data)
    sample                                   0x20000098   Data          40  main.o(.bss)
    USART_RX_BUF                             0x200000c0   Data         200  usart.o(.bss)
    __libspace_start                         0x20000188   Data          96  libspace.o(.bss)
    __temporary_stack_top$libspace           0x200001e8   Data           0  libspace.o(.bss)



==============================================================================

Memory Map of the image

  Image Entry point : 0x08000131

  Load Region LR_IROM1 (Base: 0x08000000, Size: 0x00007db0, Max: 0x00040000, ABSOLUTE)

    Execution Region ER_IROM1 (Base: 0x08000000, Size: 0x00007d18, Max: 0x00040000, ABSOLUTE)

    Base Addr    Size         Type   Attr      Idx    E Section Name        Object

    0x08000000   0x00000130   Data   RO          420    RESET               startup_stm32f10x_hd.o
    0x08000130   0x00000008   Code   RO          573  * !!!main             c_w.l(__main.o)
    0x08000138   0x00000034   Code   RO          939    !!!scatter          c_w.l(__scatter.o)
    0x0800016c   0x0000001a   Code   RO          941    !!handler_copy      c_w.l(__scatter_copy.o)
    0x08000186   0x00000002   PAD
    0x08000188   0x0000001c   Code   RO          943    !!handler_zi        c_w.l(__scatter_zi.o)
    0x080001a4   0x00000000   Code   RO          570    .ARM.Collect$$_printf_percent$$00000000  c_w.l(_printf_percent.o)
    0x080001a4   0x00000006   Code   RO          569    .ARM.Collect$$_printf_percent$$00000003  c_w.l(_printf_f.o)
    0x080001aa   0x00000004   Code   RO          682    .ARM.Collect$$_printf_percent$$00000017  c_w.l(_printf_percent_end.o)
    0x080001ae   0x00000002   Code   RO          813    .ARM.Collect$$libinit$$00000000  c_w.l(libinit.o)
    0x080001b0   0x00000000   Code   RO          815    .ARM.Collect$$libinit$$00000002  c_w.l(libinit2.o)
    0x080001b0   0x00000000   Code   RO          817    .ARM.Collect$$libinit$$00000004  c_w.l(libinit2.o)
    0x080001b0   0x00000000   Code   RO          820    .ARM.Collect$$libinit$$0000000A  c_w.l(libinit2.o)
    0x080001b0   0x00000000   Code   RO          822    .ARM.Collect$$libinit$$0000000C  c_w.l(libinit2.o)
    0x080001b0   0x00000000   Code   RO          824    .ARM.Collect$$libinit$$0000000E  c_w.l(libinit2.o)
    0x080001b0   0x00000006   Code   RO          825    .ARM.Collect$$libinit$$0000000F  c_w.l(libinit2.o)
    0x080001b6   0x00000000   Code   RO          827    .ARM.Collect$$libinit$$00000011  c_w.l(libinit2.o)
    0x080001b6   0x00000000   Code   RO          829    .ARM.Collect$$libinit$$00000013  c_w.l(libinit2.o)
    0x080001b6   0x00000000   Code   RO          831    .ARM.Collect$$libinit$$00000015  c_w.l(libinit2.o)
    0x080001b6   0x0000000a   Code   RO          832    .ARM.Collect$$libinit$$00000016  c_w.l(libinit2.o)
    0x080001c0   0x00000000   Code   RO          833    .ARM.Collect$$libinit$$00000017  c_w.l(libinit2.o)
    0x080001c0   0x00000000   Code   RO          835    .ARM.Collect$$libinit$$00000019  c_w.l(libinit2.o)
    0x080001c0   0x00000000   Code   RO          837    .ARM.Collect$$libinit$$0000001B  c_w.l(libinit2.o)
    0x080001c0   0x00000000   Code   RO          839    .ARM.Collect$$libinit$$0000001D  c_w.l(libinit2.o)
    0x080001c0   0x00000000   Code   RO          841    .ARM.Collect$$libinit$$0000001F  c_w.l(libinit2.o)
    0x080001c0   0x00000000   Code   RO          843    .ARM.Collect$$libinit$$00000021  c_w.l(libinit2.o)
    0x080001c0   0x00000000   Code   RO          845    .ARM.Collect$$libinit$$00000023  c_w.l(libinit2.o)
    0x080001c0   0x00000000   Code   RO          847    .ARM.Collect$$libinit$$00000025  c_w.l(libinit2.o)
    0x080001c0   0x00000000   Code   RO          851    .ARM.Collect$$libinit$$0000002C  c_w.l(libinit2.o)
    0x080001c0   0x00000000   Code   RO          853    .ARM.Collect$$libinit$$0000002E  c_w.l(libinit2.o)
    0x080001c0   0x00000000   Code   RO          855    .ARM.Collect$$libinit$$00000030  c_w.l(libinit2.o)
    0x080001c0   0x00000000   Code   RO          857    .ARM.Collect$$libinit$$00000032  c_w.l(libinit2.o)
    0x080001c0   0x00000002   Code   RO          858    .ARM.Collect$$libinit$$00000033  c_w.l(libinit2.o)
    0x080001c2   0x00000002   Code   RO          890    .ARM.Collect$$libshutdown$$00000000  c_w.l(libshutdown.o)
    0x080001c4   0x00000000   Code   RO          900    .ARM.Collect$$libshutdown$$00000003  c_w.l(libshutdown2.o)
    0x080001c4   0x00000000   Code   RO          903    .ARM.Collect$$libshutdown$$00000006  c_w.l(libshutdown2.o)
    0x080001c4   0x00000000   Code   RO          906    .ARM.Collect$$libshutdown$$00000009  c_w.l(libshutdown2.o)
    0x080001c4   0x00000000   Code   RO          908    .ARM.Collect$$libshutdown$$0000000B  c_w.l(libshutdown2.o)
    0x080001c4   0x00000000   Code   RO          911    .ARM.Collect$$libshutdown$$0000000E  c_w.l(libshutdown2.o)
    0x080001c4   0x00000002   Code   RO          912    .ARM.Collect$$libshutdown$$0000000F  c_w.l(libshutdown2.o)
    0x080001c6   0x00000000   Code   RO          669    .ARM.Collect$$rtentry$$00000000  c_w.l(__rtentry.o)
    0x080001c6   0x00000000   Code   RO          733    .ARM.Collect$$rtentry$$00000002  c_w.l(__rtentry2.o)
    0x080001c6   0x00000006   Code   RO          745    .ARM.Collect$$rtentry$$00000004  c_w.l(__rtentry4.o)
    0x080001cc   0x00000000   Code   RO          735    .ARM.Collect$$rtentry$$00000009  c_w.l(__rtentry2.o)
    0x080001cc   0x00000004   Code   RO          736    .ARM.Collect$$rtentry$$0000000A  c_w.l(__rtentry2.o)
    0x080001d0   0x00000000   Code   RO          738    .ARM.Collect$$rtentry$$0000000C  c_w.l(__rtentry2.o)
    0x080001d0   0x00000008   Code   RO          739    .ARM.Collect$$rtentry$$0000000D  c_w.l(__rtentry2.o)
    0x080001d8   0x00000002   Code   RO          861    .ARM.Collect$$rtexit$$00000000  c_w.l(rtexit.o)
    0x080001da   0x00000000   Code   RO          870    .ARM.Collect$$rtexit$$00000002  c_w.l(rtexit2.o)
    0x080001da   0x00000004   Code   RO          871    .ARM.Collect$$rtexit$$00000003  c_w.l(rtexit2.o)
    0x080001de   0x00000006   Code   RO          872    .ARM.Collect$$rtexit$$00000004  c_w.l(rtexit2.o)
    0x080001e4   0x00001170   Code   RO            1    .text               main.o
    0x08001354   0x0000001a   Code   RO          133    .text               stm32f10x_it.o
    0x0800136e   0x00000002   PAD
    0x08001370   0x000001e0   Code   RO          174    .text               system_stm32f10x.o
    0x08001550   0x000000f8   Code   RO          192    .text               led.o
    0x08001648   0x000002a4   Code   RO          204    .text               key.o
    0x080018ec   0x000000e8   Code   RO          255    .text               adc.o
    0x080019d4   0x00000164   Code   RO          267    .text               12864.o
    0x08001b38   0x00000dc0   Code   RO          297    .text               datahandle.o
    0x080028f8   0x00000200   Code   RO          319    .text               timer.o
    0x08002af8   0x00000130   Code   RO          342    .text               relay.o
    0x08002c28   0x000000d4   Code   RO          354    .text               delay.o
    0x08002cfc   0x00000140   Code   RO          385    .text               usart.o
    0x08002e3c   0x00000040   Code   RO          421    .text               startup_stm32f10x_hd.o
    0x08002e7c   0x000000dc   Code   RO          425    .text               misc.o
    0x08002f58   0x0000044e   Code   RO          437    .text               stm32f10x_adc.o
    0x080033a6   0x00000002   PAD
    0x080033a8   0x0000035c   Code   RO          461    .text               stm32f10x_gpio.o
    0x08003704   0x000003a4   Code   RO          473    .text               stm32f10x_rcc.o
    0x08003aa8   0x00000408   Code   RO          487    .text               stm32f10x_usart.o
    0x08003eb0   0x00000e1a   Code   RO          499    .text               stm32f10x_tim.o
    0x08004cca   0x00000002   Code   RO          513    .text               c_w.l(use_no_semi_2.o)
    0x08004ccc   0x00000028   Code   RO          521    .text               c_w.l(noretval__2sprintf.o)
    0x08004cf4   0x0000004e   Code   RO          525    .text               c_w.l(_printf_pad.o)
    0x08004d42   0x0000010e   Code   RO          556    .text               c_w.l(__printf_wp.o)
    0x08004e50   0x00000006   Code   RO          571    .text               c_w.l(heapauxi.o)
    0x08004e56   0x00000002   Code   RO          667    .text               c_w.l(use_no_semi.o)
    0x08004e58   0x00000016   Code   RO          670    .text               c_w.l(_rserrno.o)
    0x08004e6e   0x0000041a   Code   RO          674    .text               c_w.l(_printf_fp_dec.o)
    0x08005288   0x00000030   Code   RO          676    .text               c_w.l(_printf_char_common.o)
    0x080052b8   0x0000000a   Code   RO          678    .text               c_w.l(_sputc.o)
    0x080052c2   0x00000002   PAD
    0x080052c4   0x00000008   Code   RO          750    .text               c_w.l(rt_locale_intlibspace.o)
    0x080052cc   0x00000008   Code   RO          755    .text               c_w.l(rt_errno_addr_intlibspace.o)
    0x080052d4   0x0000008a   Code   RO          757    .text               c_w.l(lludiv10.o)
    0x0800535e   0x00000002   PAD
    0x08005360   0x00000080   Code   RO          759    .text               c_w.l(_printf_fp_infnan.o)
    0x080053e0   0x000000dc   Code   RO          763    .text               c_w.l(bigflt0.o)
    0x080054bc   0x00000008   Code   RO          799    .text               c_w.l(libspace.o)
    0x080054c4   0x0000004a   Code   RO          802    .text               c_w.l(sys_stackheap_outer.o)
    0x0800550e   0x0000000c   Code   RO          804    .text               c_w.l(exit.o)
    0x0800551a   0x00000002   PAD
    0x0800551c   0x00000080   Code   RO          806    .text               c_w.l(strcmpv7m.o)
    0x0800559c   0x0000003e   Code   RO          766    CL$$btod_d2e        c_w.l(btod.o)
    0x080055da   0x00000046   Code   RO          768    CL$$btod_d2e_denorm_low  c_w.l(btod.o)
    0x08005620   0x00000060   Code   RO          767    CL$$btod_d2e_norm_op1  c_w.l(btod.o)
    0x08005680   0x00000338   Code   RO          776    CL$$btod_div_common  c_w.l(btod.o)
    0x080059b8   0x000000c6   Code   RO          773    CL$$btod_e2e        c_w.l(btod.o)
    0x08005a7e   0x00000028   Code   RO          770    CL$$btod_ediv       c_w.l(btod.o)
    0x08005aa6   0x00000028   Code   RO          769    CL$$btod_emul       c_w.l(btod.o)
    0x08005ace   0x00000244   Code   RO          775    CL$$btod_mult_common  c_w.l(btod.o)
    0x08005d12   0x00000028   Code   RO          717    i.__ARM_fpclassify  m_ws.l(fpclassify.o)
    0x08005d3a   0x00000002   PAD
    0x08005d3c   0x00000388   Code   RO          721    i.__ieee754_rem_pio2  m_ws.l(rred.o)
    0x080060c4   0x000000fc   Code   RO          700    i.__kernel_cos      m_ws.l(cos_i.o)
    0x080061c0   0x000000aa   Code   RO          719    i.__kernel_poly     m_ws.l(poly.o)
    0x0800626a   0x00000002   PAD
    0x0800626c   0x000000ec   Code   RO          726    i.__kernel_sin      m_ws.l(sin_i.o)
    0x08006358   0x00000006   Code   RO          704    i.__mathlib_dbl_infnan  m_ws.l(dunder.o)
    0x0800635e   0x0000000c   Code   RO          706    i.__mathlib_dbl_invalid  m_ws.l(dunder.o)
    0x0800636a   0x00000002   PAD
    0x0800636c   0x00000010   Code   RO          709    i.__mathlib_dbl_underflow  m_ws.l(dunder.o)
    0x0800637c   0x0000000e   Code   RO          558    i._is_digit         c_w.l(__printf_wp.o)
    0x0800638a   0x00000002   PAD
    0x0800638c   0x00000220   Code   RO          634    i.atan              m_ws.l(atan.o)
    0x080065ac   0x0000009c   Code   RO          644    i.cos               m_ws.l(cos.o)
    0x08006648   0x000000a0   Code   RO          652    i.sin               m_ws.l(sin.o)
    0x080066e8   0x0000004c   Code   RO          660    i.sqrt              m_ws.l(sqrt.o)
    0x08006734   0x0000002c   Code   RO          793    locale$$code        c_w.l(lc_numeric_c.o)
    0x08006760   0x00000062   Code   RO          575    x$fpl$d2f           fz_ws.l(d2f.o)
    0x080067c2   0x00000002   PAD
    0x080067c4   0x00000150   Code   RO          577    x$fpl$dadd          fz_ws.l(daddsub_clz.o)
    0x08006914   0x00000010   Code   RO          795    x$fpl$dcheck1       fz_ws.l(dcheck1.o)
    0x08006924   0x00000018   Code   RO          683    x$fpl$dcmpinf       fz_ws.l(dcmpi.o)
    0x0800693c   0x000002b0   Code   RO          584    x$fpl$ddiv          fz_ws.l(ddiv.o)
    0x08006bec   0x0000005e   Code   RO          587    x$fpl$dfix          fz_ws.l(dfix.o)
    0x08006c4a   0x0000002e   Code   RO          596    x$fpl$dflt          fz_ws.l(dflt_clz.o)
    0x08006c78   0x00000026   Code   RO          595    x$fpl$dfltu         fz_ws.l(dflt_clz.o)
    0x08006c9e   0x00000002   PAD
    0x08006ca0   0x00000078   Code   RO          601    x$fpl$dleqf         fz_ws.l(dleqf.o)
    0x08006d18   0x00000154   Code   RO          603    x$fpl$dmul          fz_ws.l(dmul.o)
    0x08006e6c   0x0000009c   Code   RO          685    x$fpl$dnaninf       fz_ws.l(dnaninf.o)
    0x08006f08   0x0000000c   Code   RO          687    x$fpl$dretinf       fz_ws.l(dretinf.o)
    0x08006f14   0x0000006c   Code   RO          605    x$fpl$drleqf        fz_ws.l(drleqf.o)
    0x08006f80   0x00000016   Code   RO          578    x$fpl$drsb          fz_ws.l(daddsub_clz.o)
    0x08006f96   0x00000002   PAD
    0x08006f98   0x000001cc   Code   RO          689    x$fpl$dsqrt         fz_ws.l(dsqrt_noumaal.o)
    0x08007164   0x000001d4   Code   RO          579    x$fpl$dsub          fz_ws.l(daddsub_clz.o)
    0x08007338   0x00000056   Code   RO          607    x$fpl$f2d           fz_ws.l(f2d.o)
    0x0800738e   0x00000002   PAD
    0x08007390   0x000000c4   Code   RO          609    x$fpl$fadd          fz_ws.l(faddsub_clz.o)
    0x08007454   0x00000018   Code   RO          691    x$fpl$fcmpinf       fz_ws.l(fcmpi.o)
    0x0800746c   0x00000184   Code   RO          616    x$fpl$fdiv          fz_ws.l(fdiv.o)
    0x080075f0   0x00000030   Code   RO          620    x$fpl$fflt          fz_ws.l(fflt_clz.o)
    0x08007620   0x00000026   Code   RO          619    x$fpl$ffltu         fz_ws.l(fflt_clz.o)
    0x08007646   0x00000002   PAD
    0x08007648   0x00000068   Code   RO          625    x$fpl$fleqf         fz_ws.l(fleqf.o)
    0x080076b0   0x00000102   Code   RO          627    x$fpl$fmul          fz_ws.l(fmul.o)
    0x080077b2   0x0000008c   Code   RO          693    x$fpl$fnaninf       fz_ws.l(fnaninf.o)
    0x0800783e   0x0000000a   Code   RO          695    x$fpl$fretinf       fz_ws.l(fretinf.o)
    0x08007848   0x00000062   Code   RO          629    x$fpl$frleqf        fz_ws.l(frleqf.o)
    0x080078aa   0x00000002   PAD
    0x080078ac   0x000000ea   Code   RO          611    x$fpl$fsub          fz_ws.l(faddsub_clz.o)
    0x08007996   0x00000004   Code   RO          631    x$fpl$printf1       fz_ws.l(printf1.o)
    0x0800799a   0x00000064   Code   RO          859    x$fpl$retnan        fz_ws.l(retnan.o)
    0x080079fe   0x0000005c   Code   RO          697    x$fpl$scalbn        fz_ws.l(scalbn.o)
    0x08007a5a   0x00000030   Code   RO          867    x$fpl$trapveneer    fz_ws.l(trapv.o)
    0x08007a8a   0x00000000   Code   RO          699    x$fpl$usenofp       fz_ws.l(usenofp.o)
    0x08007a8a   0x00000006   PAD
    0x08007a90   0x00000098   Data   RO          635    .constdata          m_ws.l(atan.o)
    0x08007b28   0x00000030   Data   RO          701    .constdata          m_ws.l(cos_i.o)
    0x08007b58   0x000000c8   Data   RO          723    .constdata          m_ws.l(rred.o)
    0x08007c20   0x00000028   Data   RO          727    .constdata          m_ws.l(sin_i.o)
    0x08007c48   0x00000094   Data   RO          764    .constdata          c_w.l(bigflt0.o)
    0x08007cdc   0x00000020   Data   RO          937    Region$$Table       anon$$obj.o
    0x08007cfc   0x0000001c   Data   RO          792    locale$$data        c_w.l(lc_numeric_c.o)


    Execution Region RW_IRAM1 (Base: 0x20000000, Size: 0x000007e8, Max: 0x0000c000, ABSOLUTE)

    Base Addr    Size         Type   Attr      Idx    E Section Name        Object

    0x20000000   0x00000050   Data   RW            3    .data               main.o
    0x20000050   0x00000014   Data   RW          175    .data               system_stm32f10x.o
    0x20000064   0x00000001   Data   RW          205    .data               key.o
    0x20000065   0x00000003   PAD
    0x20000068   0x00000008   Data   RW          298    .data               datahandle.o
    0x20000070   0x00000008   Data   RW          320    .data               timer.o
    0x20000078   0x00000004   Data   RW          355    .data               delay.o
    0x2000007c   0x00000006   Data   RW          387    .data               usart.o
    0x20000082   0x00000014   Data   RW          474    .data               stm32f10x_rcc.o
    0x20000096   0x00000002   PAD
    0x20000098   0x00000028   Zero   RW            2    .bss                main.o
    0x200000c0   0x000000c8   Zero   RW          386    .bss                usart.o
    0x20000188   0x00000060   Zero   RW          800    .bss                c_w.l(libspace.o)
    0x200001e8   0x00000200   Zero   RW          419    HEAP                startup_stm32f10x_hd.o
    0x200003e8   0x00000400   Zero   RW          418    STACK               startup_stm32f10x_hd.o


==============================================================================

Image component sizes


      Code (inc. data)   RO Data    RW Data    ZI Data      Debug   Object Name

       356         16          0          0          0       1872   12864.o
       232          8          0          0          0       1071   adc.o
      3520        134          0          8          0       2046   datahandle.o
       212         18          0          4          0       1023   delay.o
       676         26          0          1          0       1288   key.o
       248         12          0          0          0        583   led.o
      4464        568          0         80         40     266581   main.o
       220         22          0          0          0       1801   misc.o
       304         34          0          0          0        802   relay.o
        64         26        304          0       1536        792   startup_stm32f10x_hd.o
      1102         26          0          0          0      10833   stm32f10x_adc.o
       860         38          0          0          0       5645   stm32f10x_gpio.o
        26          0          0          0          0       1178   stm32f10x_it.o
       932         36          0         20          0       8812   stm32f10x_rcc.o
      3610         88          0          0          0      22128   stm32f10x_tim.o
      1032         22          0          0          0       8368   stm32f10x_usart.o
         0          0          0          0          0         32   sys.o
       480         38          0         20          0       1739   system_stm32f10x.o
       512         72          0          8          0       1241   timer.o
       320         16          0          6        200       3166   usart.o

    ----------------------------------------------------------------------
     19174       1200        336        152       1776     341001   Object Totals
         0          0         32          0          0          0   (incl. Generated)
         4          0          0          5          0          0   (incl. Padding)

    ----------------------------------------------------------------------

      Code (inc. data)   RO Data    RW Data    ZI Data      Debug   Library Member Name

         8          0          0          0          0         68   __main.o
       284          0          0          0          0        156   __printf_wp.o
         0          0          0          0          0          0   __rtentry.o
        12          0          0          0          0          0   __rtentry2.o
         6          0          0          0          0          0   __rtentry4.o
        52          8          0          0          0          0   __scatter.o
        26          0          0          0          0          0   __scatter_copy.o
        28          0          0          0          0          0   __scatter_zi.o
        48          6          0          0          0         96   _printf_char_common.o
         6          0          0          0          0          0   _printf_f.o
      1050          0          0          0          0        216   _printf_fp_dec.o
       128         16          0          0          0         84   _printf_fp_infnan.o
        78          0          0          0          0        108   _printf_pad.o
         0          0          0          0          0          0   _printf_percent.o
         4          0          0          0          0          0   _printf_percent_end.o
        22          0          0          0          0        100   _rserrno.o
        10          0          0          0          0         68   _sputc.o
       220          4        148          0          0         96   bigflt0.o
      1910        128          0          0          0        672   btod.o
        12          0          0          0          0         72   exit.o
         6          0          0          0          0        152   heapauxi.o
        44         10         28          0          0         76   lc_numeric_c.o
         2          0          0          0          0          0   libinit.o
        18          0          0          0          0          0   libinit2.o
         2          0          0          0          0          0   libshutdown.o
         2          0          0          0          0          0   libshutdown2.o
         8          4          0          0         96         68   libspace.o
       138          0          0          0          0         80   lludiv10.o
        40          6          0          0          0         84   noretval__2sprintf.o
         8          4          0          0          0         68   rt_errno_addr_intlibspace.o
         8          4          0          0          0         68   rt_locale_intlibspace.o
         2          0          0          0          0          0   rtexit.o
        10          0          0          0          0          0   rtexit2.o
       128          0          0          0          0         68   strcmpv7m.o
        74          0          0          0          0         80   sys_stackheap_outer.o
         2          0          0          0          0         68   use_no_semi.o
         2          0          0          0          0         68   use_no_semi_2.o
        98          4          0          0          0         92   d2f.o
       826         16          0          0          0        348   daddsub_clz.o
        16          4          0          0          0         68   dcheck1.o
        24          0          0          0          0         68   dcmpi.o
       688        140          0          0          0        208   ddiv.o
        94          4          0          0          0         92   dfix.o
        84          0          0          0          0        136   dflt_clz.o
       120          4          0          0          0         92   dleqf.o
       340         12          0          0          0        104   dmul.o
       156          4          0          0          0         92   dnaninf.o
        12          0          0          0          0         68   dretinf.o
       108          0          0          0          0         80   drleqf.o
       460         56          0          0          0        120   dsqrt_noumaal.o
        86          4          0          0          0         84   f2d.o
       430          8          0          0          0        168   faddsub_clz.o
        24          0          0          0          0         68   fcmpi.o
       388         76          0          0          0         96   fdiv.o
        86          0          0          0          0        136   fflt_clz.o
       104          4          0          0          0         84   fleqf.o
       258          4          0          0          0         84   fmul.o
       140          4          0          0          0         84   fnaninf.o
        10          0          0          0          0         68   fretinf.o
        98          0          0          0          0         68   frleqf.o
         4          0          0          0          0         68   printf1.o
       100          0          0          0          0         68   retnan.o
        92          0          0          0          0         68   scalbn.o
        48          0          0          0          0         68   trapv.o
         0          0          0          0          0          0   usenofp.o
       544         70        152          0          0        124   atan.o
       156          8          0          0          0        104   cos.o
       252         22         48          0          0        124   cos_i.o
        34          6          0          0          0        204   dunder.o
        40          0          0          0          0         68   fpclassify.o
       170          0          0          0          0         96   poly.o
       904         76        200          0          0        140   rred.o
       160         10          0          0          0        108   sin.o
       236         12         40          0          0        128   sin_i.o
        76          0          0          0          0         84   sqrt.o

    ----------------------------------------------------------------------
     11898        738        616          0         96       6576   Library Totals
        34          0          0          0          0          0   (incl. Padding)

    ----------------------------------------------------------------------

      Code (inc. data)   RO Data    RW Data    ZI Data      Debug   Library Name

      4398        190        176          0         96       2616   c_w.l
      4894        344          0          0          0       2780   fz_ws.l
      2572        204        440          0          0       1180   m_ws.l

    ----------------------------------------------------------------------
     11898        738        616          0         96       6576   Library Totals

    ----------------------------------------------------------------------

==============================================================================


      Code (inc. data)   RO Data    RW Data    ZI Data      Debug   

     31072       1938        952        152       1872     342425   Grand Totals
     31072       1938        952        152       1872     342425   ELF Image Totals
     31072       1938        952        152          0          0   ROM Totals

==============================================================================

    Total RO  Size (Code + RO Data)                32024 (  31.27kB)
    Total RW  Size (RW Data + ZI Data)              2024 (   1.98kB)
    Total ROM Size (Code + RO Data + RW Data)      32176 (  31.42kB)

==============================================================================

