<html>
<body>
<pre>
<h1>礦ision Build Log</h1>
<h2>Tool Versions:</h2>
IDE-Version: μVision V5.14.0.0
Copyright (C) 2015 ARM Ltd and ARM Germany GmbH. All rights reserved.
License Information: 32 32, 32, LIC=Q7GII-T303W-77NRP-MFWK7-PE1BD-DNHKQ
 
Tool Versions:
Toolchain:       MDK-ARM Professional  Version: 5.14.0.0
Toolchain Path:  F:\ARM\ARMCC\Bin
C Compiler:      Armcc.exe V5.05 update 1 (build 106)
Assembler:       Armasm.exe V5.05 update 1 (build 106)
Linker/Locator:  ArmLink.exe V5.05 update 1 (build 106)
Library Manager: ArmAr.exe V5.05 update 1 (build 106)
Hex Converter:   FromElf.exe V5.05 update 1 (build 106)
CPU DLL:         SARMCM3.DLL V5.14.0.0
Dialog DLL:      DARMSTM.DLL V1.65.0.0
Target DLL:      STLink\ST-LINKIII-KEIL_SWO.dll V2.0.14.0_KEIL
Dialog DLL:      TARMSTM.DLL V1.64.0.0
 
<h2>Project:</h2>
C:\Users\lx\Desktop\TI杯电赛\实验17  ADC实验\USER\ADC.uvprojx
Project File Date:  07/21/2018

<h2>Output:</h2>
Build target 'ADC'
compiling main.c...
main.c(54): warning:  #177-D: variable "min" was declared but never referenced
  {int min,j;
main.c: 1 warning, 0 errors
linking...
Program Size: Code=41502 RO-data=8114 RW-data=1108 ZI-data=14140  
FromELF: creating hex file...
"..\OBJ\ADC.axf" - 0 Error(s), 1 Warning(s).

<h2>Collection of Component include folders:</h2>
  C:\Users\lx\Desktop\TI杯电赛\实验17  ADC实验\USER\RTE
  F:\ARM\PACK\Keil\STM32F1xx_DFP\1.0.5\Device\Include

<h2>Collection of Component Files used:</h2>
</pre>
</body>
</html>
