<html>
<body>
<pre>
<h1>礦ision Build Log</h1>
<h2>Tool Versions:</h2>
IDE-Version: μVision V5.14.0.0
Copyright (C) 2015 ARM Ltd and ARM Germany GmbH. All rights reserved.
License Information: 1 MLTcola, 1, LIC=FQQNN-YN794-C25L6-DDC0D-WAZN1-TUDP0
 
Tool Versions:
Toolchain:       MDK-ARM Professional  Version: 5.14.0.0
Toolchain Path:  D:\Download\keil5\ARM\ARMCC\Bin
C Compiler:      Armcc.exe V5.05 update 1 (build 106)
Assembler:       Armasm.exe V5.05 update 1 (build 106)
Linker/Locator:  ArmLink.exe V5.05 update 1 (build 106)
Library Manager: ArmAr.exe V5.05 update 1 (build 106)
Hex Converter:   FromElf.exe V5.05 update 1 (build 106)
CPU DLL:         SARMCM3.DLL V5.14.0.0
Dialog DLL:      DARMSTM.DLL V1.65.0.0
Target DLL:      Segger\JL2CM3.dll V2.99.13.0
Dialog DLL:      TARMSTM.DLL V1.64.0.0
 
<h2>Project:</h2>
C:\Users\logan\Desktop\基于LORA的交通灯远程控制系统\指示灯STM32程序\USER\LED.uvprojx
Project File Date:  12/28/2018

<h2>Output:</h2>
Build target 'LED'
compiling main.c...
main.c(9): warning:  #177-D: variable "t" was declared but never referenced
                u8 t;
main.c: 1 warning, 0 errors
compiling oled.c...
linking...
Program Size: Code=3772 RO-data=336 RW-data=9268 ZI-data=1836  
FromELF: creating hex file...
"..\OBJ\LED.axf" - 0 Error(s), 1 Warning(s).

<h2>Collection of Component include folders:</h2>
  C:\Users\logan\Desktop\基于LORA的交通灯远程控制系统\指示灯STM32程序\USER\RTE
  D:\Download\keil5\ARM\PACK\Keil\STM32F1xx_DFP\1.0.5\Device\Include

<h2>Collection of Component Files used:</h2>
</pre>
</body>
</html>
